prepared before_compile 1 1.852
prepared before_compile 2 0.557
W0913 22:35:13.716000 85349 venv/lib/python3.12/site-packages/torch/_inductor/utils.py:1806] [0/2] Not enough SMs to use max_autotune_gemm mode
prepared mm_lowering 1 2.498
prepared mm_lowering 2 2.278
prepared mm_left 1 2.084
prepared mm_left 2 2.004
qualification 1 rows 18
warmup 1 rows 36
measured 1 rows 54
measured 2 rows 72
[
  {
    "arm": "before_compile",
    "packet_ms": 40,
    "rtf": 0.1261394024671366,
    "mean_packet_ms": 5.0453431710290415,
    "median_packet_ms": 4.9231876619160175,
    "stream_rtfs": [
      0.12848445815810314,
      0.11701866217966503,
      0.13348663293678936,
      0.13148780320382988,
      0.12429896257041644,
      0.1220598957540157
    ]
  },
  {
    "arm": "before_compile",
    "packet_ms": 80,
    "rtf": 0.0676291808000921,
    "mean_packet_ms": 5.409861099906266,
    "median_packet_ms": 5.429291864857078,
    "stream_rtfs": [
      0.0651303373160772,
      0.06300937481379758,
      0.07207577970499794,
      0.06859947801179564,
      0.06843980178625013,
      0.06852031316763411
    ]
  },
  {
    "arm": "mm_lowering",
    "packet_ms": 40,
    "rtf": 0.12485342853728475,
    "mean_packet_ms": 4.993905086949881,
    "median_packet_ms": 4.993145354092121,
    "stream_rtfs": [
      0.12478328862925991,
      0.11585728983239582,
      0.12910824540692073,
      0.13034405613628527,
      0.12874639796791598,
      0.12028129325093082
    ]
  },
  {
    "arm": "mm_lowering",
    "packet_ms": 80,
    "rtf": 0.06732607071171515,
    "mean_packet_ms": 5.385592036570112,
    "median_packet_ms": 5.343937547877431,
    "stream_rtfs": [
      0.0653080249321647,
      0.06516527694960436,
      0.07042278836403663,
      0.07290863917053989,
      0.06643771873010944,
      0.06371397612383589
    ]
  },
  {
    "arm": "mm_left",
    "packet_ms": 40,
    "rtf": 0.12005677167002836,
    "mean_packet_ms": 4.802028383387046,
    "median_packet_ms": 4.738062620162964,
    "stream_rtfs": [
      0.11976154346484691,
      0.11128355254186317,
      0.12954379053553566,
      0.12466645469733825,
      0.11915660191637775,
      0.11592868686420843
    ]
  },
  {
    "arm": "mm_left",
    "packet_ms": 80,
    "rtf": 0.06437014583045514,
    "mean_packet_ms": 5.1491811173036695,
    "median_packet_ms": 5.080375354737043,
    "stream_rtfs": [
      0.06217873111988108,
      0.062339495828685663,
      0.06812777816473196,
      0.06727096382140493,
      0.06247630371944979,
      0.0638276023285774
    ]
  }
]
