prepared before_compile 1 1.162
prepared before_compile 2 0.578
prepared mm_lowering 1 0.453
prepared mm_lowering 2 0.353
prepared mm_left 1 0.412
prepared mm_left 2 0.495
qualification 1 rows 18
warmup 1 rows 36
measured 1 rows 54
measured 2 rows 72
[
  {
    "arm": "before_compile",
    "packet_ms": 40,
    "rtf": 0.1626584782368607,
    "mean_packet_ms": 6.506099834546654,
    "median_packet_ms": 6.446645827963948,
    "stream_rtfs": [
      0.1662186657389005,
      0.17034422538320845,
      0.1639585942029953,
      0.15943828232896826,
      0.16070698814777037,
      0.15528411361932135
    ]
  },
  {
    "arm": "before_compile",
    "packet_ms": 80,
    "rtf": 0.09119777193215366,
    "mean_packet_ms": 7.295256952703412,
    "median_packet_ms": 7.301166420802474,
    "stream_rtfs": [
      0.08990564092528075,
      0.09052908086838822,
      0.0830618499700601,
      0.09718259486059348,
      0.09201692931431657,
      0.09449053565428282
    ]
  },
  {
    "arm": "mm_lowering",
    "packet_ms": 40,
    "rtf": 0.16636456170494462,
    "mean_packet_ms": 6.65431221972944,
    "median_packet_ms": 6.5955207683146,
    "stream_rtfs": [
      0.17152586806332693,
      0.17190451568846282,
      0.16481992255042618,
      0.16106940020108595,
      0.1680765621131286,
      0.16079110161323723
    ]
  },
  {
    "arm": "mm_lowering",
    "packet_ms": 80,
    "rtf": 0.0986818216915708,
    "mean_packet_ms": 7.8938073452769055,
    "median_packet_ms": 7.982895942404866,
    "stream_rtfs": [
      0.0985183166145968,
      0.10128810730141899,
      0.09345264843432233,
      0.10377144208177924,
      0.09682499949121848,
      0.098235416226089
    ]
  },
  {
    "arm": "mm_left",
    "packet_ms": 40,
    "rtf": 0.16293508419443647,
    "mean_packet_ms": 6.516972236568108,
    "median_packet_ms": 6.48358347825706,
    "stream_rtfs": [
      0.1644339431853344,
      0.1681950961938128,
      0.15994774197073033,
      0.15686792709554237,
      0.17196536355186254,
      0.15620043316933638
    ]
  },
  {
    "arm": "mm_left",
    "packet_ms": 80,
    "rtf": 0.0923032985560389,
    "mean_packet_ms": 7.383765057764119,
    "median_packet_ms": 7.440082961693406,
    "stream_rtfs": [
      0.09665529505582526,
      0.09657682530814782,
      0.09120451383447896,
      0.09438502311240882,
      0.08840078129045045,
      0.08659735273492213
    ]
  }
]
