[
  {
    "packet_ms": 40,
    "profiled": false,
    "packets": 22,
    "mean_ms": {
      "input_validation_copy_ns": 0.02844331818181818,
      "upload_ns": 0.17824027272727275,
      "model_host_ns": 1.6924072727272728,
      "metadata_ns": 0.011462227272727272,
      "finite_check_and_wait_ns": 2.6956685454545455,
      "output_copy_sync_ns": 0.20708327272727273,
      "total_ns": 4.813304909090909
    }
  },
  {
    "packet_ms": 80,
    "profiled": false,
    "packets": 10,
    "mean_ms": {
      "input_validation_copy_ns": 0.0284207,
      "upload_ns": 0.16942929999999998,
      "model_host_ns": 1.7430082,
      "metadata_ns": 0.0106958,
      "finite_check_and_wait_ns": 2.9018544,
      "output_copy_sync_ns": 0.21012070000000002,
      "total_ns": 5.063529099999999
    }
  },
  {
    "packet_ms": 40,
    "profiled": true,
    "packets": 11,
    "mean_ms": {
      "input_validation_copy_ns": 0.02839390909090909,
      "upload_ns": 0.17758336363636365,
      "model_host_ns": 1.836681818181818,
      "metadata_ns": 0.011772545454545454,
      "finite_check_and_wait_ns": 2.3836591818181816,
      "output_copy_sync_ns": 0.19870836363636366,
      "total_ns": 4.636799181818182
    }
  },
  {
    "packet_ms": 80,
    "profiled": true,
    "packets": 5,
    "mean_ms": {
      "input_validation_copy_ns": 0.0270332,
      "upload_ns": 0.1566254,
      "model_host_ns": 1.7437331999999999,
      "metadata_ns": 0.0108666,
      "finite_check_and_wait_ns": 2.9819084,
      "output_copy_sync_ns": 0.194975,
      "total_ns": 5.1151418
    }
  }
]
