[
  {
    "mode": "initial",
    "qos": [
      33,
      0
    ],
    "paced": false,
    "steady_packets": 14,
    "mean_service_ms": 6.417892785714286,
    "max_service_ms_all": 9.472084,
    "max_arrival_lateness_ms": null,
    "max_ready_after_arrival_ms": null,
    "missed_deadlines": null
  },
  {
    "mode": "initial",
    "qos": [
      33,
      0
    ],
    "paced": true,
    "steady_packets": 14,
    "mean_service_ms": 10.049887142857143,
    "max_service_ms_all": 14.330167,
    "max_arrival_lateness_ms": 10.022083,
    "max_ready_after_arrival_ms": 21.64525,
    "missed_deadlines": 0
  },
  {
    "mode": "user_initiated",
    "qos": [
      25,
      0
    ],
    "paced": false,
    "steady_packets": 14,
    "mean_service_ms": 6.619568428571428,
    "max_service_ms_all": 9.113583,
    "max_arrival_lateness_ms": null,
    "max_ready_after_arrival_ms": null,
    "missed_deadlines": null
  },
  {
    "mode": "user_initiated",
    "qos": [
      25,
      0
    ],
    "paced": true,
    "steady_packets": 14,
    "mean_service_ms": 9.866854285714286,
    "max_service_ms_all": 17.67325,
    "max_arrival_lateness_ms": 10.032791,
    "max_ready_after_arrival_ms": 21.772,
    "missed_deadlines": 0
  }
]
