[
  {
    "arm": "before_compile",
    "paced": false,
    "noninitial_calls": 14,
    "mean_service_ms": 6.444946285714286,
    "service_rtf": 0.08056182857142857,
    "max_service_ms_all": 8.78575,
    "max_arrival_lateness_ms": null,
    "max_ready_after_arrival_ms": null,
    "missed_deadlines": null
  },
  {
    "arm": "before_compile",
    "paced": true,
    "noninitial_calls": 14,
    "mean_service_ms": 9.057994142857142,
    "service_rtf": 0.11322492678571427,
    "max_service_ms_all": 12.155959,
    "max_arrival_lateness_ms": 10.018542,
    "max_ready_after_arrival_ms": 21.728083,
    "missed_deadlines": 0
  },
  {
    "arm": "transpose_pointwise_mm",
    "paced": false,
    "noninitial_calls": 14,
    "mean_service_ms": 3.610392857142857,
    "service_rtf": 0.045129910714285716,
    "max_service_ms_all": 4.961166,
    "max_arrival_lateness_ms": null,
    "max_ready_after_arrival_ms": null,
    "missed_deadlines": null
  },
  {
    "arm": "transpose_pointwise_mm",
    "paced": true,
    "noninitial_calls": 14,
    "mean_service_ms": 6.1536905,
    "service_rtf": 0.07692113125,
    "max_service_ms_all": 12.575833,
    "max_arrival_lateness_ms": 10.01575,
    "max_ready_after_arrival_ms": 16.96025,
    "missed_deadlines": 0
  }
]
