{
  "status": "passed",
  "calls": 111,
  "api_seconds": 1.8599527971819043,
  "checks": [
    {
      "label": "English/fresh full",
      "shape": [
        1,
        1,
        13440
      ],
      "max_abs": 6.170012056827545e-09,
      "rms_error": 1.3657164288360946e-09,
      "passed": true
    },
    {
      "label": "English/reset repeat",
      "shape": [
        1,
        1,
        13440
      ],
      "max_abs": 0.0,
      "rms_error": 0.0,
      "passed": true
    },
    {
      "label": "English/stream40",
      "shape": [
        1,
        1,
        13440
      ],
      "max_abs": 4.889443516731262e-09,
      "rms_error": 1.349920952797845e-09,
      "passed": true
    },
    {
      "label": "English/stream80",
      "shape": [
        1,
        1,
        13440
      ],
      "max_abs": 5.9371814131736755e-09,
      "rms_error": 1.3349893412950564e-09,
      "passed": true
    },
    {
      "label": "Bengali/fresh full",
      "shape": [
        1,
        1,
        13440
      ],
      "max_abs": 6.239861249923706e-08,
      "rms_error": 1.2877380051179443e-08,
      "passed": true
    },
    {
      "label": "Bengali/reset repeat",
      "shape": [
        1,
        1,
        13440
      ],
      "max_abs": 0.0,
      "rms_error": 0.0,
      "passed": true
    },
    {
      "label": "Bengali/stream40",
      "shape": [
        1,
        1,
        13440
      ],
      "max_abs": 5.681067705154419e-08,
      "rms_error": 1.275953920298889e-08,
      "passed": true
    },
    {
      "label": "Bengali/stream80",
      "shape": [
        1,
        1,
        13440
      ],
      "max_abs": 6.426125764846802e-08,
      "rms_error": 1.2875857713368077e-08,
      "passed": true
    },
    {
      "label": "Spanish/fresh full",
      "shape": [
        1,
        1,
        13440
      ],
      "max_abs": 1.4086253941059113e-08,
      "rms_error": 2.96957591849889e-09,
      "passed": true
    },
    {
      "label": "Spanish/reset repeat",
      "shape": [
        1,
        1,
        13440
      ],
      "max_abs": 0.0,
      "rms_error": 0.0,
      "passed": true
    },
    {
      "label": "Spanish/stream40",
      "shape": [
        1,
        1,
        13440
      ],
      "max_abs": 1.2922100722789764e-08,
      "rms_error": 2.957341482812126e-09,
      "passed": true
    },
    {
      "label": "Spanish/stream80",
      "shape": [
        1,
        1,
        13440
      ],
      "max_abs": 1.2922100722789764e-08,
      "rms_error": 2.988801428571719e-09,
      "passed": true
    },
    {
      "label": "Expressive0/fresh full",
      "shape": [
        1,
        1,
        13440
      ],
      "max_abs": 1.3201497495174408e-06,
      "rms_error": 1.0476218648136637e-07,
      "passed": true
    },
    {
      "label": "Expressive0/reset repeat",
      "shape": [
        1,
        1,
        13440
      ],
      "max_abs": 0.0,
      "rms_error": 0.0,
      "passed": true
    },
    {
      "label": "Expressive0/stream40",
      "shape": [
        1,
        1,
        13440
      ],
      "max_abs": 1.541338860988617e-06,
      "rms_error": 1.1926096021852572e-07,
      "passed": true
    },
    {
      "label": "Expressive0/stream80",
      "shape": [
        1,
        1,
        13440
      ],
      "max_abs": 2.04332172870636e-06,
      "rms_error": 1.1908730357390596e-07,
      "passed": true
    },
    {
      "label": "Expressive1/fresh full",
      "shape": [
        1,
        1,
        13440
      ],
      "max_abs": 2.812594175338745e-07,
      "rms_error": 2.834018886233025e-08,
      "passed": true
    },
    {
      "label": "Expressive1/reset repeat",
      "shape": [
        1,
        1,
        13440
      ],
      "max_abs": 0.0,
      "rms_error": 0.0,
      "passed": true
    },
    {
      "label": "Expressive1/stream40",
      "shape": [
        1,
        1,
        13440
      ],
      "max_abs": 2.5704503059387207e-07,
      "rms_error": 2.644631180714896e-08,
      "passed": true
    },
    {
      "label": "Expressive1/stream80",
      "shape": [
        1,
        1,
        13440
      ],
      "max_abs": 2.4028122425079346e-07,
      "rms_error": 2.6200824621014362e-08,
      "passed": true
    },
    {
      "label": "Zero latent/fresh full",
      "shape": [
        1,
        1,
        13440
      ],
      "max_abs": 7.729977369308472e-08,
      "rms_error": 1.7868675428189817e-08,
      "passed": true
    },
    {
      "label": "Zero latent/reset repeat",
      "shape": [
        1,
        1,
        13440
      ],
      "max_abs": 0.0,
      "rms_error": 0.0,
      "passed": true
    },
    {
      "label": "Zero latent/stream40",
      "shape": [
        1,
        1,
        13440
      ],
      "max_abs": 8.672941476106644e-08,
      "rms_error": 1.961712392528625e-08,
      "passed": true
    },
    {
      "label": "Zero latent/stream80",
      "shape": [
        1,
        1,
        13440
      ],
      "max_abs": 8.102506399154663e-08,
      "rms_error": 1.835108953684994e-08,
      "passed": true
    },
    {
      "label": "Quiet latent/fresh full",
      "shape": [
        1,
        1,
        13440
      ],
      "max_abs": 8.195638656616211e-08,
      "rms_error": 1.8436374205066386e-08,
      "passed": true
    },
    {
      "label": "Quiet latent/reset repeat",
      "shape": [
        1,
        1,
        13440
      ],
      "max_abs": 0.0,
      "rms_error": 0.0,
      "passed": true
    },
    {
      "label": "Quiet latent/stream40",
      "shape": [
        1,
        1,
        13440
      ],
      "max_abs": 9.313225746154785e-08,
      "rms_error": 2.0275937373526176e-08,
      "passed": true
    },
    {
      "label": "Quiet latent/stream80",
      "shape": [
        1,
        1,
        13440
      ],
      "max_abs": 8.312053978443146e-08,
      "rms_error": 1.838397167830408e-08,
      "passed": true
    },
    {
      "label": "independent streams/A",
      "shape": [
        1,
        1,
        13440
      ],
      "max_abs": 5.9371814131736755e-09,
      "rms_error": 1.3389493958015919e-09,
      "passed": true
    },
    {
      "label": "independent streams/B",
      "shape": [
        1,
        1,
        1920
      ],
      "max_abs": 9.837094694375992e-09,
      "rms_error": 2.478779626002847e-09,
      "passed": true
    },
    {
      "label": "public batch",
      "shape": [
        1,
        1,
        13440
      ],
      "max_abs": 6.170012056827545e-09,
      "rms_error": 1.3657164288360946e-09,
      "passed": true
    }
  ]
}
