2026-09-13 22:02:05.593 Python[82867:64734933] 2026-09-13 22:02:05.593234 [W:onnxruntime:, graph.cc:5607 CleanUnusedInitializersAndNodeArgs] Removing initializer 'fast_stream_s24_crop_step'. It is not used by any node and should be removed from the model.
2026-09-13 22:02:05.593 Python[82867:64734933] 2026-09-13 22:02:05.593341 [W:onnxruntime:, graph.cc:5607 CleanUnusedInitializersAndNodeArgs] Removing initializer 'fast_stream_s24_crop_end'. It is not used by any node and should be removed from the model.
2026-09-13 22:02:05.593 Python[82867:64734933] 2026-09-13 22:02:05.593357 [W:onnxruntime:, graph.cc:5607 CleanUnusedInitializersAndNodeArgs] Removing initializer 'fast_stream_s24_retain_axis'. It is not used by any node and should be removed from the model.
2026-09-13 22:02:05.593 Python[82867:64734933] 2026-09-13 22:02:05.593367 [W:onnxruntime:, graph.cc:5607 CleanUnusedInitializersAndNodeArgs] Removing initializer 'fast_stream_s24_retain_end'. It is not used by any node and should be removed from the model.
2026-09-13 22:02:05.593 Python[82867:64734933] 2026-09-13 22:02:05.593375 [W:onnxruntime:, graph.cc:5607 CleanUnusedInitializersAndNodeArgs] Removing initializer 'fast_stream_s23_crop_axis'. It is not used by any node and should be removed from the model.
2026-09-13 22:02:05.593 Python[82867:64734933] 2026-09-13 22:02:05.593384 [W:onnxruntime:, graph.cc:5607 CleanUnusedInitializersAndNodeArgs] Removing initializer 'fast_stream_s23_retain_step'. It is not used by any node and should be removed from the model.
2026-09-13 22:02:05.593 Python[82867:64734933] 2026-09-13 22:02:05.593392 [W:onnxruntime:, graph.cc:5607 CleanUnusedInitializersAndNodeArgs] Removing initializer 'fast_stream_s23_retain_axis'. It is not used by any node and should be removed from the model.
2026-09-13 22:02:05.593 Python[82867:64734933] 2026-09-13 22:02:05.593401 [W:onnxruntime:, graph.cc:5607 CleanUnusedInitializersAndNodeArgs] Removing initializer 'fast_stream_s23_retain_end'. It is not used by any node and should be removed from the model.
2026-09-13 22:02:05.593 Python[82867:64734933] 2026-09-13 22:02:05.593408 [W:onnxruntime:, graph.cc:5607 CleanUnusedInitializersAndNodeArgs] Removing initializer 'fast_stream_s22_crop_axis'. It is not used by any node and should be removed from the model.
2026-09-13 22:02:05.593 Python[82867:64734933] 2026-09-13 22:02:05.593417 [W:onnxruntime:, graph.cc:5607 CleanUnusedInitializersAndNodeArgs] Removing initializer 'fast_stream_s22_retain_step'. It is not used by any node and should be removed from the model.
2026-09-13 22:02:05.593 Python[82867:64734933] 2026-09-13 22:02:05.593424 [W:onnxruntime:, graph.cc:5607 CleanUnusedInitializersAndNodeArgs] Removing initializer 'fast_stream_s22_retain_end'. It is not used by any node and should be removed from the model.
2026-09-13 22:02:05.593 Python[82867:64734933] 2026-09-13 22:02:05.593431 [W:onnxruntime:, graph.cc:5607 CleanUnusedInitializersAndNodeArgs] Removing initializer 'fast_stream_s21_crop_end'. It is not used by any node and should be removed from the model.
2026-09-13 22:02:05.593 Python[82867:64734933] 2026-09-13 22:02:05.593437 [W:onnxruntime:, graph.cc:5607 CleanUnusedInitializersAndNodeArgs] Removing initializer 'fast_stream_s20_crop_end'. It is not used by any node and should be removed from the model.
2026-09-13 22:02:05.593 Python[82867:64734933] 2026-09-13 22:02:05.593443 [W:onnxruntime:, graph.cc:5607 CleanUnusedInitializersAndNodeArgs] Removing initializer 'fast_stream_s20_retain_axis'. It is not used by any node and should be removed from the model.
2026-09-13 22:02:05.593 Python[82867:64734933] 2026-09-13 22:02:05.593449 [W:onnxruntime:, graph.cc:5607 CleanUnusedInitializersAndNodeArgs] Removing initializer 'fast_stream_s19_crop_end'. It is not used by any node and should be removed from the model.
2026-09-13 22:02:05.593 Python[82867:64734933] 2026-09-13 22:02:05.593455 [W:onnxruntime:, graph.cc:5607 CleanUnusedInitializersAndNodeArgs] Removing initializer 'fast_stream_s19_retain_step'. It is not used by any node and should be removed from the model.
2026-09-13 22:02:05.593 Python[82867:64734933] 2026-09-13 22:02:05.593466 [W:onnxruntime:, graph.cc:5607 CleanUnusedInitializersAndNodeArgs] Removing initializer 'fast_stream_s19_retain_axis'. It is not used by any node and should be removed from the model.
2026-09-13 22:02:05.593 Python[82867:64734933] 2026-09-13 22:02:05.593473 [W:onnxruntime:, graph.cc:5607 CleanUnusedInitializersAndNodeArgs] Removing initializer 'fast_stream_s16_retain_step'. It is not used by any node and should be removed from the model.
2026-09-13 22:02:05.593 Python[82867:64734933] 2026-09-13 22:02:05.593478 [W:onnxruntime:, graph.cc:5607 CleanUnusedInitializersAndNodeArgs] Removing initializer 'fast_stream_s18_crop_step'. It is not used by any node and should be removed from the model.
2026-09-13 22:02:05.593 Python[82867:64734933] 2026-09-13 22:02:05.593484 [W:onnxruntime:, graph.cc:5607 CleanUnusedInitializersAndNodeArgs] Removing initializer 'fast_stream_s05_retain_start'. It is not used by any node and should be removed from the model.
2026-09-13 22:02:05.593 Python[82867:64734933] 2026-09-13 22:02:05.593489 [W:onnxruntime:, graph.cc:5607 CleanUnusedInitializersAndNodeArgs] Removing initializer 'fast_stream_s18_crop_axis'. It is not used by any node and should be removed from the model.
2026-09-13 22:02:05.593 Python[82867:64734933] 2026-09-13 22:02:05.593495 [W:onnxruntime:, graph.cc:5607 CleanUnusedInitializersAndNodeArgs] Removing initializer 'fast_stream_s18_crop_end'. It is not used by any node and should be removed from the model.
2026-09-13 22:02:05.593 Python[82867:64734933] 2026-09-13 22:02:05.593500 [W:onnxruntime:, graph.cc:5607 CleanUnusedInitializersAndNodeArgs] Removing initializer 'fast_stream_s22_retain_axis'. It is not used by any node and should be removed from the model.
2026-09-13 22:02:05.593 Python[82867:64734933] 2026-09-13 22:02:05.593506 [W:onnxruntime:, graph.cc:5607 CleanUnusedInitializersAndNodeArgs] Removing initializer 'fast_stream_s18_retain_axis'. It is not used by any node and should be removed from the model.
2026-09-13 22:02:05.593 Python[82867:64734933] 2026-09-13 22:02:05.593512 [W:onnxruntime:, graph.cc:5607 CleanUnusedInitializersAndNodeArgs] Removing initializer 'fast_stream_s13_crop_axis'. It is not used by any node and should be removed from the model.
2026-09-13 22:02:05.593 Python[82867:64734933] 2026-09-13 22:02:05.593518 [W:onnxruntime:, graph.cc:5607 CleanUnusedInitializersAndNodeArgs] Removing initializer 'fast_stream_s18_retain_end'. It is not used by any node and should be removed from the model.
2026-09-13 22:02:05.593 Python[82867:64734933] 2026-09-13 22:02:05.593523 [W:onnxruntime:, graph.cc:5607 CleanUnusedInitializersAndNodeArgs] Removing initializer 'fast_stream_s18_retain_start'. It is not used by any node and should be removed from the model.
2026-09-13 22:02:05.593 Python[82867:64734933] 2026-09-13 22:02:05.593528 [W:onnxruntime:, graph.cc:5607 CleanUnusedInitializersAndNodeArgs] Removing initializer 'fast_stream_s17_crop_axis'. It is not used by any node and should be removed from the model.
2026-09-13 22:02:05.593 Python[82867:64734933] 2026-09-13 22:02:05.593533 [W:onnxruntime:, graph.cc:5607 CleanUnusedInitializersAndNodeArgs] Removing initializer 'fast_stream_s17_crop_end'. It is not used by any node and should be removed from the model.
2026-09-13 22:02:05.593 Python[82867:64734933] 2026-09-13 22:02:05.593538 [W:onnxruntime:, graph.cc:5607 CleanUnusedInitializersAndNodeArgs] Removing initializer 'fast_stream_s17_zero_current'. It is not used by any node and should be removed from the model.
2026-09-13 22:02:05.593 Python[82867:64734933] 2026-09-13 22:02:05.593543 [W:onnxruntime:, graph.cc:5607 CleanUnusedInitializersAndNodeArgs] Removing initializer 'fast_stream_s17_retain_step'. It is not used by any node and should be removed from the model.
2026-09-13 22:02:05.593 Python[82867:64734933] 2026-09-13 22:02:05.593548 [W:onnxruntime:, graph.cc:5607 CleanUnusedInitializersAndNodeArgs] Removing initializer 'fast_stream_s23_crop_step'. It is not used by any node and should be removed from the model.
2026-09-13 22:02:05.593 Python[82867:64734933] 2026-09-13 22:02:05.593557 [W:onnxruntime:, graph.cc:5607 CleanUnusedInitializersAndNodeArgs] Removing initializer 'fast_stream_s17_retain_start'. It is not used by any node and should be removed from the model.
2026-09-13 22:02:05.593 Python[82867:64734933] 2026-09-13 22:02:05.593565 [W:onnxruntime:, graph.cc:5607 CleanUnusedInitializersAndNodeArgs] Removing initializer 'fast_stream_s16_crop_step'. It is not used by any node and should be removed from the model.
2026-09-13 22:02:05.593 Python[82867:64734933] 2026-09-13 22:02:05.593571 [W:onnxruntime:, graph.cc:5607 CleanUnusedInitializersAndNodeArgs] Removing initializer 'fast_stream_s16_crop_start'. It is not used by any node and should be removed from the model.
2026-09-13 22:02:05.593 Python[82867:64734933] 2026-09-13 22:02:05.593577 [W:onnxruntime:, graph.cc:5607 CleanUnusedInitializersAndNodeArgs] Removing initializer 'fast_stream_s16_retain_end'. It is not used by any node and should be removed from the model.
2026-09-13 22:02:05.593 Python[82867:64734933] 2026-09-13 22:02:05.593582 [W:onnxruntime:, graph.cc:5607 CleanUnusedInitializersAndNodeArgs] Removing initializer 'fast_stream_s15_crop_step'. It is not used by any node and should be removed from the model.
2026-09-13 22:02:05.593 Python[82867:64734933] 2026-09-13 22:02:05.593588 [W:onnxruntime:, graph.cc:5607 CleanUnusedInitializersAndNodeArgs] Removing initializer 'fast_stream_s15_crop_axis'. It is not used by any node and should be removed from the model.
2026-09-13 22:02:05.593 Python[82867:64734933] 2026-09-13 22:02:05.593593 [W:onnxruntime:, graph.cc:5607 CleanUnusedInitializersAndNodeArgs] Removing initializer 'fast_stream_s15_crop_end'. It is not used by any node and should be removed from the model.
2026-09-13 22:02:05.593 Python[82867:64734933] 2026-09-13 22:02:05.593599 [W:onnxruntime:, graph.cc:5607 CleanUnusedInitializersAndNodeArgs] Removing initializer 'fast_stream_s17_crop_step'. It is not used by any node and should be removed from the model.
2026-09-13 22:02:05.593 Python[82867:64734933] 2026-09-13 22:02:05.593605 [W:onnxruntime:, graph.cc:5607 CleanUnusedInitializersAndNodeArgs] Removing initializer 'fast_stream_s15_retain_start'. It is not used by any node and should be removed from the model.
2026-09-13 22:02:05.593 Python[82867:64734933] 2026-09-13 22:02:05.593611 [W:onnxruntime:, graph.cc:5607 CleanUnusedInitializersAndNodeArgs] Removing initializer 'fast_stream_s14_crop_step'. It is not used by any node and should be removed from the model.
2026-09-13 22:02:05.593 Python[82867:64734933] 2026-09-13 22:02:05.593616 [W:onnxruntime:, graph.cc:5607 CleanUnusedInitializersAndNodeArgs] Removing initializer 'fast_stream_s14_crop_axis'. It is not used by any node and should be removed from the model.
2026-09-13 22:02:05.593 Python[82867:64734933] 2026-09-13 22:02:05.593621 [W:onnxruntime:, graph.cc:5607 CleanUnusedInitializersAndNodeArgs] Removing initializer 'fast_stream_s14_crop_end'. It is not used by any node and should be removed from the model.
2026-09-13 22:02:05.593 Python[82867:64734933] 2026-09-13 22:02:05.593627 [W:onnxruntime:, graph.cc:5607 CleanUnusedInitializersAndNodeArgs] Removing initializer 'fast_stream_s14_crop_start'. It is not used by any node and should be removed from the model.
2026-09-13 22:02:05.593 Python[82867:64734933] 2026-09-13 22:02:05.593633 [W:onnxruntime:, graph.cc:5607 CleanUnusedInitializersAndNodeArgs] Removing initializer 'fast_stream_s14_retain_start'. It is not used by any node and should be removed from the model.
2026-09-13 22:02:05.593 Python[82867:64734933] 2026-09-13 22:02:05.593639 [W:onnxruntime:, graph.cc:5607 CleanUnusedInitializersAndNodeArgs] Removing initializer 'fast_stream_s21_retain_end'. It is not used by any node and should be removed from the model.
2026-09-13 22:02:05.593 Python[82867:64734933] 2026-09-13 22:02:05.593644 [W:onnxruntime:, graph.cc:5607 CleanUnusedInitializersAndNodeArgs] Removing initializer 'fast_stream_s13_crop_start'. It is not used by any node and should be removed from the model.
2026-09-13 22:02:05.593 Python[82867:64734933] 2026-09-13 22:02:05.593653 [W:onnxruntime:, graph.cc:5607 CleanUnusedInitializersAndNodeArgs] Removing initializer 'fast_stream_s12_crop_start'. It is not used by any node and should be removed from the model.
2026-09-13 22:02:05.593 Python[82867:64734933] 2026-09-13 22:02:05.593661 [W:onnxruntime:, graph.cc:5607 CleanUnusedInitializersAndNodeArgs] Removing initializer 'fast_stream_s12_retain_axis'. It is not used by any node and should be removed from the model.
2026-09-13 22:02:05.593 Python[82867:64734933] 2026-09-13 22:02:05.593666 [W:onnxruntime:, graph.cc:5607 CleanUnusedInitializersAndNodeArgs] Removing initializer 'fast_stream_s11_crop_step'. It is not used by any node and should be removed from the model.
2026-09-13 22:02:05.593 Python[82867:64734933] 2026-09-13 22:02:05.593672 [W:onnxruntime:, graph.cc:5607 CleanUnusedInitializersAndNodeArgs] Removing initializer 'fast_stream_s11_crop_axis'. It is not used by any node and should be removed from the model.
2026-09-13 22:02:05.593 Python[82867:64734933] 2026-09-13 22:02:05.593677 [W:onnxruntime:, graph.cc:5607 CleanUnusedInitializersAndNodeArgs] Removing initializer 'fast_stream_s01_retain_axis'. It is not used by any node and should be removed from the model.
2026-09-13 22:02:05.593 Python[82867:64734933] 2026-09-13 22:02:05.593682 [W:onnxruntime:, graph.cc:5607 CleanUnusedInitializersAndNodeArgs] Removing initializer 'fast_stream_s11_crop_start'. It is not used by any node and should be removed from the model.
2026-09-13 22:02:05.593 Python[82867:64734933] 2026-09-13 22:02:05.593686 [W:onnxruntime:, graph.cc:5607 CleanUnusedInitializersAndNodeArgs] Removing initializer 'fast_stream_s11_retain_step'. It is not used by any node and should be removed from the model.
2026-09-13 22:02:05.593 Python[82867:64734933] 2026-09-13 22:02:05.593691 [W:onnxruntime:, graph.cc:5607 CleanUnusedInitializersAndNodeArgs] Removing initializer 'fast_stream_s11_retain_axis'. It is not used by any node and should be removed from the model.
2026-09-13 22:02:05.593 Python[82867:64734933] 2026-09-13 22:02:05.593696 [W:onnxruntime:, graph.cc:5607 CleanUnusedInitializersAndNodeArgs] Removing initializer 'fast_stream_s11_retain_end'. It is not used by any node and should be removed from the model.
2026-09-13 22:02:05.593 Python[82867:64734933] 2026-09-13 22:02:05.593701 [W:onnxruntime:, graph.cc:5607 CleanUnusedInitializersAndNodeArgs] Removing initializer 'fast_stream_s23_crop_start'. It is not used by any node and should be removed from the model.
2026-09-13 22:02:05.593 Python[82867:64734933] 2026-09-13 22:02:05.593706 [W:onnxruntime:, graph.cc:5607 CleanUnusedInitializersAndNodeArgs] Removing initializer 'fast_stream_s09_crop_axis'. It is not used by any node and should be removed from the model.
2026-09-13 22:02:05.593 Python[82867:64734933] 2026-09-13 22:02:05.593710 [W:onnxruntime:, graph.cc:5607 CleanUnusedInitializersAndNodeArgs] Removing initializer 'fast_stream_s09_crop_end'. It is not used by any node and should be removed from the model.
2026-09-13 22:02:05.593 Python[82867:64734933] 2026-09-13 22:02:05.593715 [W:onnxruntime:, graph.cc:5607 CleanUnusedInitializersAndNodeArgs] Removing initializer 'fast_stream_s09_zero_current'. It is not used by any node and should be removed from the model.
2026-09-13 22:02:05.593 Python[82867:64734933] 2026-09-13 22:02:05.593720 [W:onnxruntime:, graph.cc:5607 CleanUnusedInitializersAndNodeArgs] Removing initializer 'fast_stream_s16_crop_end'. It is not used by any node and should be removed from the model.
2026-09-13 22:02:05.593 Python[82867:64734933] 2026-09-13 22:02:05.593729 [W:onnxruntime:, graph.cc:5607 CleanUnusedInitializersAndNodeArgs] Removing initializer 'fast_stream_s10_crop_step'. It is not used by any node and should be removed from the model.
2026-09-13 22:02:05.593 Python[82867:64734933] 2026-09-13 22:02:05.593734 [W:onnxruntime:, graph.cc:5607 CleanUnusedInitializersAndNodeArgs] Removing initializer 'fast_stream_s09_retain_step'. It is not used by any node and should be removed from the model.
2026-09-13 22:02:05.593 Python[82867:64734933] 2026-09-13 22:02:05.593743 [W:onnxruntime:, graph.cc:5607 CleanUnusedInitializersAndNodeArgs] Removing initializer 'fast_stream_s20_crop_start'. It is not used by any node and should be removed from the model.
2026-09-13 22:02:05.593 Python[82867:64734933] 2026-09-13 22:02:05.593750 [W:onnxruntime:, graph.cc:5607 CleanUnusedInitializersAndNodeArgs] Removing initializer 'fast_stream_s09_retain_axis'. It is not used by any node and should be removed from the model.
2026-09-13 22:02:05.593 Python[82867:64734933] 2026-09-13 22:02:05.593756 [W:onnxruntime:, graph.cc:5607 CleanUnusedInitializersAndNodeArgs] Removing initializer 'fast_stream_s12_crop_end'. It is not used by any node and should be removed from the model.
2026-09-13 22:02:05.593 Python[82867:64734933] 2026-09-13 22:02:05.593761 [W:onnxruntime:, graph.cc:5607 CleanUnusedInitializersAndNodeArgs] Removing initializer 'fast_stream_s09_retain_end'. It is not used by any node and should be removed from the model.
2026-09-13 22:02:05.593 Python[82867:64734933] 2026-09-13 22:02:05.593765 [W:onnxruntime:, graph.cc:5607 CleanUnusedInitializersAndNodeArgs] Removing initializer 'fast_stream_s17_retain_axis'. It is not used by any node and should be removed from the model.
2026-09-13 22:02:05.593 Python[82867:64734933] 2026-09-13 22:02:05.593770 [W:onnxruntime:, graph.cc:5607 CleanUnusedInitializersAndNodeArgs] Removing initializer 'fast_stream_s12_crop_step'. It is not used by any node and should be removed from the model.
2026-09-13 22:02:05.593 Python[82867:64734933] 2026-09-13 22:02:05.593775 [W:onnxruntime:, graph.cc:5607 CleanUnusedInitializersAndNodeArgs] Removing initializer 'fast_stream_s08_crop_step'. It is not used by any node and should be removed from the model.
2026-09-13 22:02:05.593 Python[82867:64734933] 2026-09-13 22:02:05.593780 [W:onnxruntime:, graph.cc:5607 CleanUnusedInitializersAndNodeArgs] Removing initializer 'fast_stream_s08_crop_axis'. It is not used by any node and should be removed from the model.
2026-09-13 22:02:05.593 Python[82867:64734933] 2026-09-13 22:02:05.593785 [W:onnxruntime:, graph.cc:5607 CleanUnusedInitializersAndNodeArgs] Removing initializer 'fast_stream_s08_crop_end'. It is not used by any node and should be removed from the model.
2026-09-13 22:02:05.593 Python[82867:64734933] 2026-09-13 22:02:05.593789 [W:onnxruntime:, graph.cc:5607 CleanUnusedInitializersAndNodeArgs] Removing initializer 'fast_stream_s07_crop_step'. It is not used by any node and should be removed from the model.
2026-09-13 22:02:05.593 Python[82867:64734933] 2026-09-13 22:02:05.593794 [W:onnxruntime:, graph.cc:5607 CleanUnusedInitializersAndNodeArgs] Removing initializer 'fast_stream_s08_retain_axis'. It is not used by any node and should be removed from the model.
2026-09-13 22:02:05.593 Python[82867:64734933] 2026-09-13 22:02:05.593799 [W:onnxruntime:, graph.cc:5607 CleanUnusedInitializersAndNodeArgs] Removing initializer 'fast_stream_s07_crop_axis'. It is not used by any node and should be removed from the model.
2026-09-13 22:02:05.593 Python[82867:64734933] 2026-09-13 22:02:05.593804 [W:onnxruntime:, graph.cc:5607 CleanUnusedInitializersAndNodeArgs] Removing initializer 'fast_stream_s07_retain_step'. It is not used by any node and should be removed from the model.
2026-09-13 22:02:05.593 Python[82867:64734933] 2026-09-13 22:02:05.593809 [W:onnxruntime:, graph.cc:5607 CleanUnusedInitializersAndNodeArgs] Removing initializer 'fast_stream_s07_retain_axis'. It is not used by any node and should be removed from the model.
2026-09-13 22:02:05.593 Python[82867:64734933] 2026-09-13 22:02:05.593813 [W:onnxruntime:, graph.cc:5607 CleanUnusedInitializersAndNodeArgs] Removing initializer 'fast_stream_s11_crop_end'. It is not used by any node and should be removed from the model.
2026-09-13 22:02:05.593 Python[82867:64734933] 2026-09-13 22:02:05.593818 [W:onnxruntime:, graph.cc:5607 CleanUnusedInitializersAndNodeArgs] Removing initializer 'fast_stream_s07_crop_end'. It is not used by any node and should be removed from the model.
2026-09-13 22:02:05.593 Python[82867:64734933] 2026-09-13 22:02:05.593825 [W:onnxruntime:, graph.cc:5607 CleanUnusedInitializersAndNodeArgs] Removing initializer 'fast_stream_s07_retain_end'. It is not used by any node and should be removed from the model.
2026-09-13 22:02:05.593 Python[82867:64734933] 2026-09-13 22:02:05.593830 [W:onnxruntime:, graph.cc:5607 CleanUnusedInitializersAndNodeArgs] Removing initializer 'fast_stream_s06_crop_start'. It is not used by any node and should be removed from the model.
2026-09-13 22:02:05.593 Python[82867:64734933] 2026-09-13 22:02:05.593834 [W:onnxruntime:, graph.cc:5607 CleanUnusedInitializersAndNodeArgs] Removing initializer 'fast_stream_s06_retain_end'. It is not used by any node and should be removed from the model.
2026-09-13 22:02:05.593 Python[82867:64734933] 2026-09-13 22:02:05.593839 [W:onnxruntime:, graph.cc:5607 CleanUnusedInitializersAndNodeArgs] Removing initializer 'fast_stream_s03_retain_end'. It is not used by any node and should be removed from the model.
2026-09-13 22:02:05.593 Python[82867:64734933] 2026-09-13 22:02:05.593844 [W:onnxruntime:, graph.cc:5607 CleanUnusedInitializersAndNodeArgs] Removing initializer 'fast_stream_s10_retain_start'. It is not used by any node and should be removed from the model.
2026-09-13 22:02:05.593 Python[82867:64734933] 2026-09-13 22:02:05.593849 [W:onnxruntime:, graph.cc:5607 CleanUnusedInitializersAndNodeArgs] Removing initializer 'fast_stream_s06_retain_start'. It is not used by any node and should be removed from the model.
2026-09-13 22:02:05.593 Python[82867:64734933] 2026-09-13 22:02:05.593853 [W:onnxruntime:, graph.cc:5607 CleanUnusedInitializersAndNodeArgs] Removing initializer 'fast_stream_s10_crop_end'. It is not used by any node and should be removed from the model.
2026-09-13 22:02:05.593 Python[82867:64734933] 2026-09-13 22:02:05.593858 [W:onnxruntime:, graph.cc:5607 CleanUnusedInitializersAndNodeArgs] Removing initializer 'fast_stream_s03_crop_axis'. It is not used by any node and should be removed from the model.
2026-09-13 22:02:05.593 Python[82867:64734933] 2026-09-13 22:02:05.593862 [W:onnxruntime:, graph.cc:5607 CleanUnusedInitializersAndNodeArgs] Removing initializer 'fast_stream_s05_crop_step'. It is not used by any node and should be removed from the model.
2026-09-13 22:02:05.593 Python[82867:64734933] 2026-09-13 22:02:05.593874 [W:onnxruntime:, graph.cc:5607 CleanUnusedInitializersAndNodeArgs] Removing initializer 'fast_stream_s05_crop_end'. It is not used by any node and should be removed from the model.
2026-09-13 22:02:05.593 Python[82867:64734933] 2026-09-13 22:02:05.593880 [W:onnxruntime:, graph.cc:5607 CleanUnusedInitializersAndNodeArgs] Removing initializer 'fast_stream_s05_zero_current'. It is not used by any node and should be removed from the model.
2026-09-13 22:02:05.593 Python[82867:64734933] 2026-09-13 22:02:05.593885 [W:onnxruntime:, graph.cc:5607 CleanUnusedInitializersAndNodeArgs] Removing initializer 'fast_stream_s23_retain_start'. It is not used by any node and should be removed from the model.
2026-09-13 22:02:05.593 Python[82867:64734933] 2026-09-13 22:02:05.593890 [W:onnxruntime:, graph.cc:5607 CleanUnusedInitializersAndNodeArgs] Removing initializer 'fast_stream_s05_retain_step'. It is not used by any node and should be removed from the model.
2026-09-13 22:02:05.593 Python[82867:64734933] 2026-09-13 22:02:05.593894 [W:onnxruntime:, graph.cc:5607 CleanUnusedInitializersAndNodeArgs] Removing initializer 'fast_stream_s05_retain_end'. It is not used by any node and should be removed from the model.
2026-09-13 22:02:05.593 Python[82867:64734933] 2026-09-13 22:02:05.593899 [W:onnxruntime:, graph.cc:5607 CleanUnusedInitializersAndNodeArgs] Removing initializer 'fast_stream_s10_retain_axis'. It is not used by any node and should be removed from the model.
2026-09-13 22:02:05.593 Python[82867:64734933] 2026-09-13 22:02:05.593903 [W:onnxruntime:, graph.cc:5607 CleanUnusedInitializersAndNodeArgs] Removing initializer 'fast_stream_s05_retain_axis'. It is not used by any node and should be removed from the model.
2026-09-13 22:02:05.593 Python[82867:64734933] 2026-09-13 22:02:05.593910 [W:onnxruntime:, graph.cc:5607 CleanUnusedInitializersAndNodeArgs] Removing initializer 'fast_stream_s12_crop_axis'. It is not used by any node and should be removed from the model.
2026-09-13 22:02:05.593 Python[82867:64734933] 2026-09-13 22:02:05.593915 [W:onnxruntime:, graph.cc:5607 CleanUnusedInitializersAndNodeArgs] Removing initializer 'fast_stream_s04_crop_axis'. It is not used by any node and should be removed from the model.
2026-09-13 22:02:05.593 Python[82867:64734933] 2026-09-13 22:02:05.593920 [W:onnxruntime:, graph.cc:5607 CleanUnusedInitializersAndNodeArgs] Removing initializer 'fast_stream_s00_retain_end'. It is not used by any node and should be removed from the model.
2026-09-13 22:02:05.593 Python[82867:64734933] 2026-09-13 22:02:05.593925 [W:onnxruntime:, graph.cc:5607 CleanUnusedInitializersAndNodeArgs] Removing initializer 'fast_stream_s15_retain_end'. It is not used by any node and should be removed from the model.
2026-09-13 22:02:05.593 Python[82867:64734933] 2026-09-13 22:02:05.593930 [W:onnxruntime:, graph.cc:5607 CleanUnusedInitializersAndNodeArgs] Removing initializer 'fast_stream_s04_crop_start'. It is not used by any node and should be removed from the model.
2026-09-13 22:02:05.593 Python[82867:64734933] 2026-09-13 22:02:05.593934 [W:onnxruntime:, graph.cc:5607 CleanUnusedInitializersAndNodeArgs] Removing initializer 'fast_stream_s13_retain_end'. It is not used by any node and should be removed from the model.
2026-09-13 22:02:05.593 Python[82867:64734933] 2026-09-13 22:02:05.593939 [W:onnxruntime:, graph.cc:5607 CleanUnusedInitializersAndNodeArgs] Removing initializer 'fast_stream_s02_crop_axis'. It is not used by any node and should be removed from the model.
2026-09-13 22:02:05.593 Python[82867:64734933] 2026-09-13 22:02:05.593944 [W:onnxruntime:, graph.cc:5607 CleanUnusedInitializersAndNodeArgs] Removing initializer 'fast_stream_s04_retain_start'. It is not used by any node and should be removed from the model.
2026-09-13 22:02:05.593 Python[82867:64734933] 2026-09-13 22:02:05.593949 [W:onnxruntime:, graph.cc:5607 CleanUnusedInitializersAndNodeArgs] Removing initializer 'fast_stream_s03_crop_step'. It is not used by any node and should be removed from the model.
2026-09-13 22:02:05.593 Python[82867:64734933] 2026-09-13 22:02:05.593954 [W:onnxruntime:, graph.cc:5607 CleanUnusedInitializersAndNodeArgs] Removing initializer 'fast_stream_s03_retain_step'. It is not used by any node and should be removed from the model.
2026-09-13 22:02:05.593 Python[82867:64734933] 2026-09-13 22:02:05.593959 [W:onnxruntime:, graph.cc:5607 CleanUnusedInitializersAndNodeArgs] Removing initializer 'fast_stream_s03_retain_axis'. It is not used by any node and should be removed from the model.
2026-09-13 22:02:05.593 Python[82867:64734933] 2026-09-13 22:02:05.593964 [W:onnxruntime:, graph.cc:5607 CleanUnusedInitializersAndNodeArgs] Removing initializer 'fast_stream_s12_retain_end'. It is not used by any node and should be removed from the model.
2026-09-13 22:02:05.593 Python[82867:64734933] 2026-09-13 22:02:05.593968 [W:onnxruntime:, graph.cc:5607 CleanUnusedInitializersAndNodeArgs] Removing initializer 'fast_stream_s03_retain_start'. It is not used by any node and should be removed from the model.
2026-09-13 22:02:05.593 Python[82867:64734933] 2026-09-13 22:02:05.593973 [W:onnxruntime:, graph.cc:5607 CleanUnusedInitializersAndNodeArgs] Removing initializer 'fast_stream_s02_crop_end'. It is not used by any node and should be removed from the model.
2026-09-13 22:02:05.593 Python[82867:64734933] 2026-09-13 22:02:05.593978 [W:onnxruntime:, graph.cc:5607 CleanUnusedInitializersAndNodeArgs] Removing initializer 'fast_stream_s02_retain_step'. It is not used by any node and should be removed from the model.
2026-09-13 22:02:05.593 Python[82867:64734933] 2026-09-13 22:02:05.593982 [W:onnxruntime:, graph.cc:5607 CleanUnusedInitializersAndNodeArgs] Removing initializer 'fast_stream_s02_retain_end'. It is not used by any node and should be removed from the model.
2026-09-13 22:02:05.593 Python[82867:64734933] 2026-09-13 22:02:05.593989 [W:onnxruntime:, graph.cc:5607 CleanUnusedInitializersAndNodeArgs] Removing initializer 'fast_stream_s01_crop_step'. It is not used by any node and should be removed from the model.
2026-09-13 22:02:05.593 Python[82867:64734933] 2026-09-13 22:02:05.593993 [W:onnxruntime:, graph.cc:5607 CleanUnusedInitializersAndNodeArgs] Removing initializer 'fast_stream_s17_retain_end'. It is not used by any node and should be removed from the model.
2026-09-13 22:02:05.594 Python[82867:64734933] 2026-09-13 22:02:05.593999 [W:onnxruntime:, graph.cc:5607 CleanUnusedInitializersAndNodeArgs] Removing initializer 'fast_stream_s01_crop_axis'. It is not used by any node and should be removed from the model.
2026-09-13 22:02:05.594 Python[82867:64734933] 2026-09-13 22:02:05.594004 [W:onnxruntime:, graph.cc:5607 CleanUnusedInitializersAndNodeArgs] Removing initializer 'fast_stream_s13_zero_current'. It is not used by any node and should be removed from the model.
2026-09-13 22:02:05.594 Python[82867:64734933] 2026-09-13 22:02:05.594008 [W:onnxruntime:, graph.cc:5607 CleanUnusedInitializersAndNodeArgs] Removing initializer 'fast_stream_s13_crop_step'. It is not used by any node and should be removed from the model.
2026-09-13 22:02:05.594 Python[82867:64734933] 2026-09-13 22:02:05.594013 [W:onnxruntime:, graph.cc:5607 CleanUnusedInitializersAndNodeArgs] Removing initializer 'fast_stream_s01_retain_end'. It is not used by any node and should be removed from the model.
2026-09-13 22:02:05.594 Python[82867:64734933] 2026-09-13 22:02:05.594017 [W:onnxruntime:, graph.cc:5607 CleanUnusedInitializersAndNodeArgs] Removing initializer 'fast_stream_s14_retain_end'. It is not used by any node and should be removed from the model.
2026-09-13 22:02:05.594 Python[82867:64734933] 2026-09-13 22:02:05.594022 [W:onnxruntime:, graph.cc:5607 CleanUnusedInitializersAndNodeArgs] Removing initializer 'fast_stream_s01_retain_start'. It is not used by any node and should be removed from the model.
2026-09-13 22:02:05.594 Python[82867:64734933] 2026-09-13 22:02:05.594027 [W:onnxruntime:, graph.cc:5607 CleanUnusedInitializersAndNodeArgs] Removing initializer 'fast_stream_s03_crop_start'. It is not used by any node and should be removed from the model.
2026-09-13 22:02:05.594 Python[82867:64734933] 2026-09-13 22:02:05.594032 [W:onnxruntime:, graph.cc:5607 CleanUnusedInitializersAndNodeArgs] Removing initializer 'fast_stream_s00_crop_step'. It is not used by any node and should be removed from the model.
2026-09-13 22:02:05.594 Python[82867:64734933] 2026-09-13 22:02:05.594036 [W:onnxruntime:, graph.cc:5607 CleanUnusedInitializersAndNodeArgs] Removing initializer 'fast_stream_s00_crop_axis'. It is not used by any node and should be removed from the model.
2026-09-13 22:02:05.594 Python[82867:64734933] 2026-09-13 22:02:05.594041 [W:onnxruntime:, graph.cc:5607 CleanUnusedInitializersAndNodeArgs] Removing initializer 'fast_stream_s00_crop_start'. It is not used by any node and should be removed from the model.
2026-09-13 22:02:05.594 Python[82867:64734933] 2026-09-13 22:02:05.594046 [W:onnxruntime:, graph.cc:5607 CleanUnusedInitializersAndNodeArgs] Removing initializer 'fast_stream_s00_retain_step'. It is not used by any node and should be removed from the model.
2026-09-13 22:02:05.594 Python[82867:64734933] 2026-09-13 22:02:05.594051 [W:onnxruntime:, graph.cc:5607 CleanUnusedInitializersAndNodeArgs] Removing initializer 'fast_stream_s00_retain_start'. It is not used by any node and should be removed from the model.
2026-09-13 22:02:05.594 Python[82867:64734933] 2026-09-13 22:02:05.594055 [W:onnxruntime:, graph.cc:5607 CleanUnusedInitializersAndNodeArgs] Removing initializer 'fast_stream_s21_retain_start'. It is not used by any node and should be removed from the model.
2026-09-13 22:02:05.594 Python[82867:64734933] 2026-09-13 22:02:05.594060 [W:onnxruntime:, graph.cc:5607 CleanUnusedInitializersAndNodeArgs] Removing initializer 'fast_stream_s16_retain_start'. It is not used by any node and should be removed from the model.
2026-09-13 22:02:05.594 Python[82867:64734933] 2026-09-13 22:02:05.594068 [W:onnxruntime:, graph.cc:5607 CleanUnusedInitializersAndNodeArgs] Removing initializer 'fast_stream_s10_crop_start'. It is not used by any node and should be removed from the model.
2026-09-13 22:02:05.594 Python[82867:64734933] 2026-09-13 22:02:05.594076 [W:onnxruntime:, graph.cc:5607 CleanUnusedInitializersAndNodeArgs] Removing initializer 'fast_stream_s05_crop_axis'. It is not used by any node and should be removed from the model.
2026-09-13 22:02:05.594 Python[82867:64734933] 2026-09-13 22:02:05.594082 [W:onnxruntime:, graph.cc:5607 CleanUnusedInitializersAndNodeArgs] Removing initializer 'fast_stream_s10_retain_end'. It is not used by any node and should be removed from the model.
2026-09-13 22:02:05.594 Python[82867:64734933] 2026-09-13 22:02:05.594088 [W:onnxruntime:, graph.cc:5607 CleanUnusedInitializersAndNodeArgs] Removing initializer 'fast_stream_s20_retain_step'. It is not used by any node and should be removed from the model.
2026-09-13 22:02:05.594 Python[82867:64734933] 2026-09-13 22:02:05.594093 [W:onnxruntime:, graph.cc:5607 CleanUnusedInitializersAndNodeArgs] Removing initializer 'fast_stream_s01_zero_current'. It is not used by any node and should be removed from the model.
2026-09-13 22:02:05.594 Python[82867:64734933] 2026-09-13 22:02:05.594099 [W:onnxruntime:, graph.cc:5607 CleanUnusedInitializersAndNodeArgs] Removing initializer 'fast_stream_s09_crop_step'. It is not used by any node and should be removed from the model.
2026-09-13 22:02:05.594 Python[82867:64734933] 2026-09-13 22:02:05.594104 [W:onnxruntime:, graph.cc:5607 CleanUnusedInitializersAndNodeArgs] Removing initializer 'fast_stream_s04_retain_end'. It is not used by any node and should be removed from the model.
2026-09-13 22:02:05.594 Python[82867:64734933] 2026-09-13 22:02:05.594110 [W:onnxruntime:, graph.cc:5607 CleanUnusedInitializersAndNodeArgs] Removing initializer 'fast_stream_s14_retain_axis'. It is not used by any node and should be removed from the model.
2026-09-13 22:02:05.594 Python[82867:64734933] 2026-09-13 22:02:05.594115 [W:onnxruntime:, graph.cc:5607 CleanUnusedInitializersAndNodeArgs] Removing initializer 'fast_stream_s11_retain_start'. It is not used by any node and should be removed from the model.
2026-09-13 22:02:05.594 Python[82867:64734933] 2026-09-13 22:02:05.594120 [W:onnxruntime:, graph.cc:5607 CleanUnusedInitializersAndNodeArgs] Removing initializer 'fast_stream_s04_crop_end'. It is not used by any node and should be removed from the model.
2026-09-13 22:02:05.594 Python[82867:64734933] 2026-09-13 22:02:05.594125 [W:onnxruntime:, graph.cc:5607 CleanUnusedInitializersAndNodeArgs] Removing initializer 'fast_stream_s06_retain_axis'. It is not used by any node and should be removed from the model.
2026-09-13 22:02:05.594 Python[82867:64734933] 2026-09-13 22:02:05.594130 [W:onnxruntime:, graph.cc:5607 CleanUnusedInitializersAndNodeArgs] Removing initializer 'fast_stream_s20_retain_end'. It is not used by any node and should be removed from the model.
2026-09-13 22:02:05.594 Python[82867:64734933] 2026-09-13 22:02:05.594135 [W:onnxruntime:, graph.cc:5607 CleanUnusedInitializersAndNodeArgs] Removing initializer 'fast_stream_s13_retain_step'. It is not used by any node and should be removed from the model.
2026-09-13 22:02:05.594 Python[82867:64734933] 2026-09-13 22:02:05.594140 [W:onnxruntime:, graph.cc:5607 CleanUnusedInitializersAndNodeArgs] Removing initializer 'fast_stream_s04_retain_step'. It is not used by any node and should be removed from the model.
2026-09-13 22:02:05.594 Python[82867:64734933] 2026-09-13 22:02:05.594146 [W:onnxruntime:, graph.cc:5607 CleanUnusedInitializersAndNodeArgs] Removing initializer 'fast_stream_s24_crop_start'. It is not used by any node and should be removed from the model.
2026-09-13 22:02:05.594 Python[82867:64734933] 2026-09-13 22:02:05.594151 [W:onnxruntime:, graph.cc:5607 CleanUnusedInitializersAndNodeArgs] Removing initializer 'fast_stream_s08_retain_end'. It is not used by any node and should be removed from the model.
2026-09-13 22:02:05.594 Python[82867:64734933] 2026-09-13 22:02:05.594158 [W:onnxruntime:, graph.cc:5607 CleanUnusedInitializersAndNodeArgs] Removing initializer 'fast_stream_s02_crop_start'. It is not used by any node and should be removed from the model.
2026-09-13 22:02:05.594 Python[82867:64734933] 2026-09-13 22:02:05.594162 [W:onnxruntime:, graph.cc:5607 CleanUnusedInitializersAndNodeArgs] Removing initializer 'fast_stream_s20_retain_start'. It is not used by any node and should be removed from the model.
2026-09-13 22:02:05.594 Python[82867:64734933] 2026-09-13 22:02:05.594167 [W:onnxruntime:, graph.cc:5607 CleanUnusedInitializersAndNodeArgs] Removing initializer 'fast_stream_s01_crop_end'. It is not used by any node and should be removed from the model.
2026-09-13 22:02:05.594 Python[82867:64734933] 2026-09-13 22:02:05.594172 [W:onnxruntime:, graph.cc:5607 CleanUnusedInitializersAndNodeArgs] Removing initializer 'fast_stream_s19_retain_end'. It is not used by any node and should be removed from the model.
2026-09-13 22:02:05.594 Python[82867:64734933] 2026-09-13 22:02:05.594176 [W:onnxruntime:, graph.cc:5607 CleanUnusedInitializersAndNodeArgs] Removing initializer 'fast_stream_s19_crop_axis'. It is not used by any node and should be removed from the model.
2026-09-13 22:02:05.594 Python[82867:64734933] 2026-09-13 22:02:05.594182 [W:onnxruntime:, graph.cc:5607 CleanUnusedInitializersAndNodeArgs] Removing initializer 'fast_stream_s06_crop_axis'. It is not used by any node and should be removed from the model.
2026-09-13 22:02:05.594 Python[82867:64734933] 2026-09-13 22:02:05.594186 [W:onnxruntime:, graph.cc:5607 CleanUnusedInitializersAndNodeArgs] Removing initializer 'fast_stream_s14_retain_step'. It is not used by any node and should be removed from the model.
2026-09-13 22:02:05.594 Python[82867:64734933] 2026-09-13 22:02:05.594191 [W:onnxruntime:, graph.cc:5607 CleanUnusedInitializersAndNodeArgs] Removing initializer 'fast_stream_s21_zero_current'. It is not used by any node and should be removed from the model.
2026-09-13 22:02:05.594 Python[82867:64734933] 2026-09-13 22:02:05.594195 [W:onnxruntime:, graph.cc:5607 CleanUnusedInitializersAndNodeArgs] Removing initializer 'fast_stream_s06_crop_step'. It is not used by any node and should be removed from the model.
2026-09-13 22:02:05.594 Python[82867:64734933] 2026-09-13 22:02:05.594200 [W:onnxruntime:, graph.cc:5607 CleanUnusedInitializersAndNodeArgs] Removing initializer 'fast_stream_s24_crop_axis'. It is not used by any node and should be removed from the model.
2026-09-13 22:02:05.594 Python[82867:64734933] 2026-09-13 22:02:05.594204 [W:onnxruntime:, graph.cc:5607 CleanUnusedInitializersAndNodeArgs] Removing initializer 'fast_stream_s24_retain_start'. It is not used by any node and should be removed from the model.
2026-09-13 22:02:05.594 Python[82867:64734933] 2026-09-13 22:02:05.594209 [W:onnxruntime:, graph.cc:5607 CleanUnusedInitializersAndNodeArgs] Removing initializer 'fast_stream_s19_crop_start'. It is not used by any node and should be removed from the model.
2026-09-13 22:02:05.594 Python[82867:64734933] 2026-09-13 22:02:05.594214 [W:onnxruntime:, graph.cc:5607 CleanUnusedInitializersAndNodeArgs] Removing initializer 'fast_stream_s06_crop_end'. It is not used by any node and should be removed from the model.
2026-09-13 22:02:05.594 Python[82867:64734933] 2026-09-13 22:02:05.594219 [W:onnxruntime:, graph.cc:5607 CleanUnusedInitializersAndNodeArgs] Removing initializer 'fast_stream_s00_retain_axis'. It is not used by any node and should be removed from the model.
2026-09-13 22:02:05.594 Python[82867:64734933] 2026-09-13 22:02:05.594224 [W:onnxruntime:, graph.cc:5607 CleanUnusedInitializersAndNodeArgs] Removing initializer 'fast_stream_s21_crop_step'. It is not used by any node and should be removed from the model.
2026-09-13 22:02:05.594 Python[82867:64734933] 2026-09-13 22:02:05.594228 [W:onnxruntime:, graph.cc:5607 CleanUnusedInitializersAndNodeArgs] Removing initializer 'fast_stream_s08_crop_start'. It is not used by any node and should be removed from the model.
2026-09-13 22:02:05.594 Python[82867:64734933] 2026-09-13 22:02:05.594235 [W:onnxruntime:, graph.cc:5607 CleanUnusedInitializersAndNodeArgs] Removing initializer 'fast_stream_s09_retain_start'. It is not used by any node and should be removed from the model.
2026-09-13 22:02:05.594 Python[82867:64734933] 2026-09-13 22:02:05.594239 [W:onnxruntime:, graph.cc:5607 CleanUnusedInitializersAndNodeArgs] Removing initializer 'fast_stream_s21_retain_axis'. It is not used by any node and should be removed from the model.
2026-09-13 22:02:05.594 Python[82867:64734933] 2026-09-13 22:02:05.594244 [W:onnxruntime:, graph.cc:5607 CleanUnusedInitializersAndNodeArgs] Removing initializer 'fast_stream_s07_crop_start'. It is not used by any node and should be removed from the model.
2026-09-13 22:02:05.594 Python[82867:64734933] 2026-09-13 22:02:05.594249 [W:onnxruntime:, graph.cc:5607 CleanUnusedInitializersAndNodeArgs] Removing initializer 'fast_stream_s16_crop_axis'. It is not used by any node and should be removed from the model.
2026-09-13 22:02:05.594 Python[82867:64734933] 2026-09-13 22:02:05.594254 [W:onnxruntime:, graph.cc:5607 CleanUnusedInitializersAndNodeArgs] Removing initializer 'fast_stream_s15_retain_step'. It is not used by any node and should be removed from the model.
2026-09-13 22:02:05.594 Python[82867:64734933] 2026-09-13 22:02:05.594259 [W:onnxruntime:, graph.cc:5607 CleanUnusedInitializersAndNodeArgs] Removing initializer 'fast_stream_s03_crop_end'. It is not used by any node and should be removed from the model.
2026-09-13 22:02:05.594 Python[82867:64734933] 2026-09-13 22:02:05.594263 [W:onnxruntime:, graph.cc:5607 CleanUnusedInitializersAndNodeArgs] Removing initializer 'fast_stream_s18_retain_step'. It is not used by any node and should be removed from the model.
2026-09-13 22:02:05.594 Python[82867:64734933] 2026-09-13 22:02:05.594268 [W:onnxruntime:, graph.cc:5607 CleanUnusedInitializersAndNodeArgs] Removing initializer 'fast_stream_s04_crop_step'. It is not used by any node and should be removed from the model.
2026-09-13 22:02:05.594 Python[82867:64734933] 2026-09-13 22:02:05.594273 [W:onnxruntime:, graph.cc:5607 CleanUnusedInitializersAndNodeArgs] Removing initializer 'fast_stream_s22_crop_step'. It is not used by any node and should be removed from the model.
2026-09-13 22:02:05.594 Python[82867:64734933] 2026-09-13 22:02:05.594278 [W:onnxruntime:, graph.cc:5607 CleanUnusedInitializersAndNodeArgs] Removing initializer 'fast_stream_s02_crop_step'. It is not used by any node and should be removed from the model.
2026-09-13 22:02:05.594 Python[82867:64734933] 2026-09-13 22:02:05.594283 [W:onnxruntime:, graph.cc:5607 CleanUnusedInitializersAndNodeArgs] Removing initializer 'fast_stream_s23_crop_end'. It is not used by any node and should be removed from the model.
2026-09-13 22:02:05.594 Python[82867:64734933] 2026-09-13 22:02:05.594288 [W:onnxruntime:, graph.cc:5607 CleanUnusedInitializersAndNodeArgs] Removing initializer 'fast_stream_s24_retain_step'. It is not used by any node and should be removed from the model.
2026-09-13 22:02:05.594 Python[82867:64734933] 2026-09-13 22:02:05.594292 [W:onnxruntime:, graph.cc:5607 CleanUnusedInitializersAndNodeArgs] Removing initializer 'fast_stream_s18_crop_start'. It is not used by any node and should be removed from the model.
2026-09-13 22:02:05.594 Python[82867:64734933] 2026-09-13 22:02:05.594297 [W:onnxruntime:, graph.cc:5607 CleanUnusedInitializersAndNodeArgs] Removing initializer 'fast_stream_s21_crop_axis'. It is not used by any node and should be removed from the model.
2026-09-13 22:02:05.594 Python[82867:64734933] 2026-09-13 22:02:05.594302 [W:onnxruntime:, graph.cc:5607 CleanUnusedInitializersAndNodeArgs] Removing initializer 'fast_stream_s17_crop_start'. It is not used by any node and should be removed from the model.
2026-09-13 22:02:05.594 Python[82867:64734933] 2026-09-13 22:02:05.594307 [W:onnxruntime:, graph.cc:5607 CleanUnusedInitializersAndNodeArgs] Removing initializer 'fast_stream_s05_crop_start'. It is not used by any node and should be removed from the model.
2026-09-13 22:02:05.594 Python[82867:64734933] 2026-09-13 22:02:05.594313 [W:onnxruntime:, graph.cc:5607 CleanUnusedInitializersAndNodeArgs] Removing initializer 'fast_stream_s16_retain_axis'. It is not used by any node and should be removed from the model.
2026-09-13 22:02:05.594 Python[82867:64734933] 2026-09-13 22:02:05.594318 [W:onnxruntime:, graph.cc:5607 CleanUnusedInitializersAndNodeArgs] Removing initializer 'fast_stream_s12_retain_step'. It is not used by any node and should be removed from the model.
2026-09-13 22:02:05.594 Python[82867:64734933] 2026-09-13 22:02:05.594323 [W:onnxruntime:, graph.cc:5607 CleanUnusedInitializersAndNodeArgs] Removing initializer 'fast_stream_s10_retain_step'. It is not used by any node and should be removed from the model.
2026-09-13 22:02:05.594 Python[82867:64734933] 2026-09-13 22:02:05.594328 [W:onnxruntime:, graph.cc:5607 CleanUnusedInitializersAndNodeArgs] Removing initializer 'fast_stream_s08_retain_step'. It is not used by any node and should be removed from the model.
2026-09-13 22:02:05.594 Python[82867:64734933] 2026-09-13 22:02:05.594333 [W:onnxruntime:, graph.cc:5607 CleanUnusedInitializersAndNodeArgs] Removing initializer 'fast_stream_s00_crop_end'. It is not used by any node and should be removed from the model.
2026-09-13 22:02:05.594 Python[82867:64734933] 2026-09-13 22:02:05.594337 [W:onnxruntime:, graph.cc:5607 CleanUnusedInitializersAndNodeArgs] Removing initializer 'fast_stream_s21_crop_start'. It is not used by any node and should be removed from the model.
2026-09-13 22:02:05.594 Python[82867:64734933] 2026-09-13 22:02:05.594342 [W:onnxruntime:, graph.cc:5607 CleanUnusedInitializersAndNodeArgs] Removing initializer 'fast_stream_s10_crop_axis'. It is not used by any node and should be removed from the model.
2026-09-13 22:02:05.594 Python[82867:64734933] 2026-09-13 22:02:05.594347 [W:onnxruntime:, graph.cc:5607 CleanUnusedInitializersAndNodeArgs] Removing initializer 'fast_stream_s13_retain_axis'. It is not used by any node and should be removed from the model.
2026-09-13 22:02:05.594 Python[82867:64734933] 2026-09-13 22:02:05.594352 [W:onnxruntime:, graph.cc:5607 CleanUnusedInitializersAndNodeArgs] Removing initializer 'fast_stream_s22_crop_start'. It is not used by any node and should be removed from the model.
2026-09-13 22:02:05.594 Python[82867:64734933] 2026-09-13 22:02:05.594357 [W:onnxruntime:, graph.cc:5607 CleanUnusedInitializersAndNodeArgs] Removing initializer 'fast_stream_s20_crop_axis'. It is not used by any node and should be removed from the model.
2026-09-13 22:02:05.594 Python[82867:64734933] 2026-09-13 22:02:05.594362 [W:onnxruntime:, graph.cc:5607 CleanUnusedInitializersAndNodeArgs] Removing initializer 'fast_stream_s02_retain_start'. It is not used by any node and should be removed from the model.
2026-09-13 22:02:05.594 Python[82867:64734933] 2026-09-13 22:02:05.594367 [W:onnxruntime:, graph.cc:5607 CleanUnusedInitializersAndNodeArgs] Removing initializer 'fast_stream_s01_retain_step'. It is not used by any node and should be removed from the model.
2026-09-13 22:02:05.594 Python[82867:64734933] 2026-09-13 22:02:05.594371 [W:onnxruntime:, graph.cc:5607 CleanUnusedInitializersAndNodeArgs] Removing initializer 'fast_stream_s01_crop_start'. It is not used by any node and should be removed from the model.
2026-09-13 22:02:05.594 Python[82867:64734933] 2026-09-13 22:02:05.594376 [W:onnxruntime:, graph.cc:5607 CleanUnusedInitializersAndNodeArgs] Removing initializer 'fast_stream_s21_retain_step'. It is not used by any node and should be removed from the model.
2026-09-13 22:02:05.594 Python[82867:64734933] 2026-09-13 22:02:05.594380 [W:onnxruntime:, graph.cc:5607 CleanUnusedInitializersAndNodeArgs] Removing initializer 'fast_stream_s22_retain_start'. It is not used by any node and should be removed from the model.
2026-09-13 22:02:05.594 Python[82867:64734933] 2026-09-13 22:02:05.594389 [W:onnxruntime:, graph.cc:5607 CleanUnusedInitializersAndNodeArgs] Removing initializer 'fast_stream_s08_retain_start'. It is not used by any node and should be removed from the model.
2026-09-13 22:02:05.594 Python[82867:64734933] 2026-09-13 22:02:05.594399 [W:onnxruntime:, graph.cc:5607 CleanUnusedInitializersAndNodeArgs] Removing initializer 'fast_stream_s09_crop_start'. It is not used by any node and should be removed from the model.
2026-09-13 22:02:05.594 Python[82867:64734933] 2026-09-13 22:02:05.594404 [W:onnxruntime:, graph.cc:5607 CleanUnusedInitializersAndNodeArgs] Removing initializer 'fast_stream_s13_crop_end'. It is not used by any node and should be removed from the model.
2026-09-13 22:02:05.594 Python[82867:64734933] 2026-09-13 22:02:05.594409 [W:onnxruntime:, graph.cc:5607 CleanUnusedInitializersAndNodeArgs] Removing initializer 'fast_stream_s04_retain_axis'. It is not used by any node and should be removed from the model.
2026-09-13 22:02:05.594 Python[82867:64734933] 2026-09-13 22:02:05.594414 [W:onnxruntime:, graph.cc:5607 CleanUnusedInitializersAndNodeArgs] Removing initializer 'fast_stream_s19_crop_step'. It is not used by any node and should be removed from the model.
2026-09-13 22:02:05.594 Python[82867:64734933] 2026-09-13 22:02:05.594419 [W:onnxruntime:, graph.cc:5607 CleanUnusedInitializersAndNodeArgs] Removing initializer 'fast_stream_s19_retain_start'. It is not used by any node and should be removed from the model.
2026-09-13 22:02:05.594 Python[82867:64734933] 2026-09-13 22:02:05.594423 [W:onnxruntime:, graph.cc:5607 CleanUnusedInitializersAndNodeArgs] Removing initializer 'fast_stream_s02_retain_axis'. It is not used by any node and should be removed from the model.
2026-09-13 22:02:05.594 Python[82867:64734933] 2026-09-13 22:02:05.594428 [W:onnxruntime:, graph.cc:5607 CleanUnusedInitializersAndNodeArgs] Removing initializer 'fast_stream_s20_crop_step'. It is not used by any node and should be removed from the model.
2026-09-13 22:02:05.594 Python[82867:64734933] 2026-09-13 22:02:05.594432 [W:onnxruntime:, graph.cc:5607 CleanUnusedInitializersAndNodeArgs] Removing initializer 'fast_stream_s06_retain_step'. It is not used by any node and should be removed from the model.
2026-09-13 22:02:05.594 Python[82867:64734933] 2026-09-13 22:02:05.594437 [W:onnxruntime:, graph.cc:5607 CleanUnusedInitializersAndNodeArgs] Removing initializer 'fast_stream_s13_retain_start'. It is not used by any node and should be removed from the model.
2026-09-13 22:02:05.594 Python[82867:64734933] 2026-09-13 22:02:05.594441 [W:onnxruntime:, graph.cc:5607 CleanUnusedInitializersAndNodeArgs] Removing initializer 'fast_stream_s07_retain_start'. It is not used by any node and should be removed from the model.
2026-09-13 22:02:05.594 Python[82867:64734933] 2026-09-13 22:02:05.594446 [W:onnxruntime:, graph.cc:5607 CleanUnusedInitializersAndNodeArgs] Removing initializer 'fast_stream_s15_retain_axis'. It is not used by any node and should be removed from the model.
2026-09-13 22:02:05.594 Python[82867:64734933] 2026-09-13 22:02:05.594451 [W:onnxruntime:, graph.cc:5607 CleanUnusedInitializersAndNodeArgs] Removing initializer 'fast_stream_s12_retain_start'. It is not used by any node and should be removed from the model.
2026-09-13 22:02:05.594 Python[82867:64734933] 2026-09-13 22:02:05.594455 [W:onnxruntime:, graph.cc:5607 CleanUnusedInitializersAndNodeArgs] Removing initializer 'fast_stream_s22_crop_end'. It is not used by any node and should be removed from the model.
2026-09-13 22:02:05.594 Python[82867:64734933] 2026-09-13 22:02:05.594460 [W:onnxruntime:, graph.cc:5607 CleanUnusedInitializersAndNodeArgs] Removing initializer 'fast_stream_s15_crop_start'. It is not used by any node and should be removed from the model.
qualification sweep 1/1: 387 calls, 3.066s decode
warmup sweep 1/2: 768 calls, 5.024s decode
warmup sweep 2/2: 1149 calls, 7.037s decode
measured sweep 1/3: 1530 calls, 9.061s decode
measured sweep 2/3: 1911 calls, 11.045s decode
measured sweep 3/3: 2292 calls, 13.027s decode
{
  "status": "passed",
  "calls": 2292,
  "decode_seconds": 13.02726357569918,
  "summary": [
    {
      "method": "audiovae2_cpu",
      "packet_ms": 40,
      "streams": 9,
      "median_stream_rtf": 0.10599448481419435,
      "pooled_rtf": 0.113221985466899,
      "median_packet_ms": 4.289978416636586,
      "p95_packet_ms": 5.704489769414067,
      "median_first_packet_ms": 4.2259581387043
    },
    {
      "method": "audiovae2_public_gpu",
      "packet_ms": 40,
      "streams": 9,
      "median_stream_rtf": 0.14928810899922004,
      "pooled_rtf": 0.14809414127807097,
      "median_packet_ms": 5.893416004255414,
      "p95_packet_ms": 6.861156434752047,
      "median_first_packet_ms": 6.413250230252743
    },
    {
      "method": "audiovae2_base_gpu",
      "packet_ms": 40,
      "streams": 9,
      "median_stream_rtf": 0.13711801390551653,
      "pooled_rtf": 0.13902485483817548,
      "median_packet_ms": 5.517645506188273,
      "p95_packet_ms": 6.362208514474332,
      "median_first_packet_ms": 5.326417274773121
    },
    {
      "method": "audiovae2_cpu",
      "packet_ms": 80,
      "streams": 9,
      "median_stream_rtf": 0.0765782116407839,
      "pooled_rtf": 0.07716267821335888,
      "median_packet_ms": 6.106416461989284,
      "p95_packet_ms": 6.933487392961978,
      "median_first_packet_ms": 6.391499657183886
    },
    {
      "method": "audiovae2_public_gpu",
      "packet_ms": 80,
      "streams": 9,
      "median_stream_rtf": 0.07690529503937191,
      "pooled_rtf": 0.07764982071455084,
      "median_packet_ms": 6.236625369638205,
      "p95_packet_ms": 6.913039088249206,
      "median_first_packet_ms": 6.669875234365463
    },
    {
      "method": "audiovae2_base_gpu",
      "packet_ms": 80,
      "streams": 9,
      "median_stream_rtf": 0.0745661028001147,
      "pooled_rtf": 0.07437789355646128,
      "median_packet_ms": 6.013416685163975,
      "p95_packet_ms": 6.580962799489498,
      "median_first_packet_ms": 6.1162905767560005
    },
    {
      "method": "mimi_gpu",
      "packet_ms": 80,
      "streams": 9,
      "median_stream_rtf": 0.06509691835769142,
      "pooled_rtf": 0.06381312646058009,
      "median_packet_ms": 5.05952094681561,
      "p95_packet_ms": 6.100246170535682,
      "median_first_packet_ms": 5.576374940574169
    }
  ]
}
