{
  "status": "passed",
  "call_seconds": 2.160537044983357,
  "calls": 107,
  "checks": [
    {
      "label": "en_us_00103_1779/full",
      "shape": [
        1,
        1,
        36480
      ],
      "max_abs": 5.8673322200775146e-08,
      "rms_error": 1.0524947136048013e-08,
      "passed": true
    },
    {
      "label": "en_us_00103_1779/stream80",
      "shape": [
        1,
        1,
        36480
      ],
      "max_abs": 7.59027898311615e-08,
      "rms_error": 1.0598581567933252e-08,
      "passed": true
    },
    {
      "label": "en_us_00103_1779/reset80",
      "shape": [
        1,
        1,
        36480
      ],
      "max_abs": 5.8673322200775146e-08,
      "rms_error": 1.0524947136048013e-08,
      "passed": true
    },
    {
      "label": "en_us_00103_1779/stream160",
      "shape": [
        1,
        1,
        36480
      ],
      "max_abs": 6.379559636116028e-08,
      "rms_error": 1.056026199819371e-08,
      "passed": true
    },
    {
      "label": "en_us_00103_1779/reset160",
      "shape": [
        1,
        1,
        36480
      ],
      "max_abs": 5.8673322200775146e-08,
      "rms_error": 1.0524947136048013e-08,
      "passed": true
    },
    {
      "label": "bn_in_00151_1818/full",
      "shape": [
        1,
        1,
        36480
      ],
      "max_abs": 4.675239324569702e-07,
      "rms_error": 4.06539086839075e-08,
      "passed": true
    },
    {
      "label": "bn_in_00151_1818/stream80",
      "shape": [
        1,
        1,
        36480
      ],
      "max_abs": 3.8743019104003906e-07,
      "rms_error": 3.924767000285101e-08,
      "passed": true
    },
    {
      "label": "bn_in_00151_1818/reset80",
      "shape": [
        1,
        1,
        36480
      ],
      "max_abs": 4.675239324569702e-07,
      "rms_error": 4.06539086839075e-08,
      "passed": true
    },
    {
      "label": "bn_in_00151_1818/stream160",
      "shape": [
        1,
        1,
        36480
      ],
      "max_abs": 3.8743019104003906e-07,
      "rms_error": 3.9427433762284636e-08,
      "passed": true
    },
    {
      "label": "bn_in_00151_1818/reset160",
      "shape": [
        1,
        1,
        36480
      ],
      "max_abs": 4.675239324569702e-07,
      "rms_error": 4.06539086839075e-08,
      "passed": true
    },
    {
      "label": "es_419_00060_1994/full",
      "shape": [
        1,
        1,
        36480
      ],
      "max_abs": 4.470348358154297e-07,
      "rms_error": 3.9868243817409166e-08,
      "passed": true
    },
    {
      "label": "es_419_00060_1994/stream80",
      "shape": [
        1,
        1,
        36480
      ],
      "max_abs": 4.12575900554657e-07,
      "rms_error": 3.835383921568791e-08,
      "passed": true
    },
    {
      "label": "es_419_00060_1994/reset80",
      "shape": [
        1,
        1,
        36480
      ],
      "max_abs": 4.470348358154297e-07,
      "rms_error": 3.9868243817409166e-08,
      "passed": true
    },
    {
      "label": "es_419_00060_1994/stream160",
      "shape": [
        1,
        1,
        36480
      ],
      "max_abs": 4.246830940246582e-07,
      "rms_error": 3.9154002706709434e-08,
      "passed": true
    },
    {
      "label": "es_419_00060_1994/reset160",
      "shape": [
        1,
        1,
        36480
      ],
      "max_abs": 4.470348358154297e-07,
      "rms_error": 3.9868243817409166e-08,
      "passed": true
    },
    {
      "label": "zero/full",
      "shape": [
        1,
        1,
        5760
      ],
      "max_abs": 3.1478703022003174e-07,
      "rms_error": 9.380852361573488e-08,
      "passed": true
    },
    {
      "label": "zero/stream80",
      "shape": [
        1,
        1,
        5760
      ],
      "max_abs": 3.1478703022003174e-07,
      "rms_error": 9.450232596464048e-08,
      "passed": true
    },
    {
      "label": "zero/reset80",
      "shape": [
        1,
        1,
        5760
      ],
      "max_abs": 3.1478703022003174e-07,
      "rms_error": 9.380852361573488e-08,
      "passed": true
    },
    {
      "label": "zero/stream160",
      "shape": [
        1,
        1,
        5760
      ],
      "max_abs": 3.1478703022003174e-07,
      "rms_error": 9.403215273096066e-08,
      "passed": true
    },
    {
      "label": "zero/reset160",
      "shape": [
        1,
        1,
        5760
      ],
      "max_abs": 3.1478703022003174e-07,
      "rms_error": 9.380852361573488e-08,
      "passed": true
    },
    {
      "label": "independent A",
      "shape": [
        1,
        1,
        36480
      ],
      "max_abs": 6.402842700481415e-08,
      "rms_error": 1.0608047773530416e-08,
      "passed": true
    },
    {
      "label": "independent B",
      "shape": [
        1,
        1,
        3840
      ],
      "max_abs": 3.8743019104003906e-07,
      "rms_error": 5.9111613381901407e-08,
      "passed": true
    }
  ]
}
