{
  "status": "passed",
  "torch": "2.14.0",
  "fast_math": false,
  "rows": [
    {
      "shape": [
        1,
        1024,
        16
      ],
      "max_abs": 0.0,
      "first_compiled_call_seconds": 1.2540257922373712,
      "eager_ms": [
        0.45079179108142853,
        0.9097922593355179,
        0.9982092306017876,
        0.308833085000515,
        0.38899993523955345,
        0.16366597265005112,
        0.2220412716269493,
        0.2282913774251938,
        0.24195807054638863,
        0.21249987185001373
      ],
      "compiled_ms": [
        0.2254168502986431,
        0.45845797285437584,
        0.5115000531077385,
        0.532166101038456,
        0.1964997500181198,
        0.2092909999191761,
        0.20499993115663528,
        0.23287488147616386,
        0.1915828324854374,
        0.20391587167978287
      ],
      "median_eager_ms": 0.2753955777734518,
      "median_compiled_ms": 0.2173539251089096
    },
    {
      "shape": [
        1,
        512,
        96
      ],
      "max_abs": 0.0,
      "first_compiled_call_seconds": 0.00021029170602560043,
      "eager_ms": [
        0.22641709074378014,
        0.21399976685643196,
        0.2549998462200165,
        0.25012483820319176,
        0.3424999304115772,
        1.322791911661625,
        0.5548750050365925,
        0.2511250786483288,
        0.24791713804006577,
        0.2305423840880394
      ],
      "compiled_ms": [
        0.22695818915963173,
        0.20575011149048805,
        0.19083311781287193,
        0.24208426475524902,
        0.2160412259399891,
        1.5142080374062061,
        0.5292086862027645,
        0.26666605845093727,
        0.12912508100271225,
        0.25466736406087875
      ],
      "median_eager_ms": 0.25062495842576027,
      "median_compiled_ms": 0.23452122695744038
    },
    {
      "shape": [
        1,
        32,
        3840
      ],
      "max_abs": 0.0,
      "first_compiled_call_seconds": 0.0002004159614443779,
      "eager_ms": [
        0.15674997121095657,
        0.2409578301012516,
        0.24358276277780533,
        0.19308365881443024,
        0.15799980610609055,
        0.18179090693593025,
        0.18670829012989998,
        0.1981658861041069,
        0.19675027579069138,
        0.16749976202845573
      ],
      "compiled_ms": [
        0.17729122191667557,
        0.27525005862116814,
        0.31137512996792793,
        0.1694168895483017,
        0.1943330280482769,
        0.173875130712986,
        0.15558302402496338,
        0.15916675329208374,
        0.1443750225007534,
        0.16645900905132294
      ],
      "median_eager_ms": 0.1898959744721651,
      "median_compiled_ms": 0.17164601013064384
    }
  ]
}
