prepared before 1 0.232
prepared before 2 0.144
prepared before_compile 1 1.17
prepared before_compile 2 0.604
prepared full_compile 1 0.483
prepared full_compile 2 0.547
qualification 1 rows 18
warmup 1 rows 36
measured 1 rows 54
measured 2 rows 72
[
  {
    "arm": "before",
    "packet_ms": 40,
    "rtf": 0.14382601253196806,
    "mean_packet_ms": 5.752821760122767,
    "median_packet_ms": 5.74368704110384,
    "stream_rtfs": [
      0.14868329162709415,
      0.13976397409957525,
      0.13991319428896531,
      0.14710390532854944,
      0.14823454985162243,
      0.1392571599960017
    ]
  },
  {
    "arm": "before",
    "packet_ms": 80,
    "rtf": 0.07818998775393185,
    "mean_packet_ms": 6.254688603803515,
    "median_packet_ms": 6.295145256444812,
    "stream_rtfs": [
      0.07867048310193545,
      0.07792569522280246,
      0.07526961611195779,
      0.07849644122567649,
      0.076787629222963,
      0.08199006163825592
    ]
  },
  {
    "arm": "before_compile",
    "packet_ms": 40,
    "rtf": 0.12296733912080526,
    "mean_packet_ms": 4.918452258506377,
    "median_packet_ms": 4.869020543992519,
    "stream_rtfs": [
      0.1255454437341541,
      0.12273498383971553,
      0.11627526061298947,
      0.12413780495990068,
      0.12911223602714017,
      0.11999830555093165
    ]
  },
  {
    "arm": "before_compile",
    "packet_ms": 80,
    "rtf": 0.0652562348275549,
    "mean_packet_ms": 5.2200439386069775,
    "median_packet_ms": 5.119291367009282,
    "stream_rtfs": [
      0.06760941857161622,
      0.062142184954912714,
      0.06386792520061135,
      0.06847148227582997,
      0.06539713649544865,
      0.06404926146691045
    ]
  },
  {
    "arm": "full_compile",
    "packet_ms": 40,
    "rtf": 0.123477958711899,
    "mean_packet_ms": 4.9388993130479415,
    "median_packet_ms": 4.887208109721541,
    "stream_rtfs": [
      0.12635125943537182,
      0.12282257181747507,
      0.12070946298384419,
      0.12632881698664278,
      0.12320746512462696,
      0.12144817592343315
    ]
  },
  {
    "arm": "full_compile",
    "packet_ms": 80,
    "rtf": 0.06569087806080158,
    "mean_packet_ms": 5.254807319336881,
    "median_packet_ms": 5.218354053795338,
    "stream_rtfs": [
      0.06774700450478122,
      0.06315160571830347,
      0.06553966813953593,
      0.06786024168832228,
      0.0638206164391401,
      0.06602613187472647
    ]
  }
]
