2026-09-13 22:24:34.015 Python[84527:64775357] 2026-09-13 22:24:34.015241 [W:onnxruntime:, graph.cc:5607 CleanUnusedInitializersAndNodeArgs] Removing initializer 'fast_stream_s24_crop_step'. It is not used by any node and should be removed from the model.
2026-09-13 22:24:34.015 Python[84527:64775357] 2026-09-13 22:24:34.015354 [W:onnxruntime:, graph.cc:5607 CleanUnusedInitializersAndNodeArgs] Removing initializer 'fast_stream_s24_crop_end'. It is not used by any node and should be removed from the model.
2026-09-13 22:24:34.015 Python[84527:64775357] 2026-09-13 22:24:34.015368 [W:onnxruntime:, graph.cc:5607 CleanUnusedInitializersAndNodeArgs] Removing initializer 'fast_stream_s24_retain_axis'. It is not used by any node and should be removed from the model.
2026-09-13 22:24:34.015 Python[84527:64775357] 2026-09-13 22:24:34.015378 [W:onnxruntime:, graph.cc:5607 CleanUnusedInitializersAndNodeArgs] Removing initializer 'fast_stream_s24_retain_end'. It is not used by any node and should be removed from the model.
2026-09-13 22:24:34.015 Python[84527:64775357] 2026-09-13 22:24:34.015386 [W:onnxruntime:, graph.cc:5607 CleanUnusedInitializersAndNodeArgs] Removing initializer 'fast_stream_s23_crop_axis'. It is not used by any node and should be removed from the model.
2026-09-13 22:24:34.015 Python[84527:64775357] 2026-09-13 22:24:34.015393 [W:onnxruntime:, graph.cc:5607 CleanUnusedInitializersAndNodeArgs] Removing initializer 'fast_stream_s23_retain_step'. It is not used by any node and should be removed from the model.
2026-09-13 22:24:34.015 Python[84527:64775357] 2026-09-13 22:24:34.015401 [W:onnxruntime:, graph.cc:5607 CleanUnusedInitializersAndNodeArgs] Removing initializer 'fast_stream_s23_retain_axis'. It is not used by any node and should be removed from the model.
2026-09-13 22:24:34.015 Python[84527:64775357] 2026-09-13 22:24:34.015407 [W:onnxruntime:, graph.cc:5607 CleanUnusedInitializersAndNodeArgs] Removing initializer 'fast_stream_s23_retain_end'. It is not used by any node and should be removed from the model.
2026-09-13 22:24:34.015 Python[84527:64775357] 2026-09-13 22:24:34.015414 [W:onnxruntime:, graph.cc:5607 CleanUnusedInitializersAndNodeArgs] Removing initializer 'fast_stream_s22_crop_axis'. It is not used by any node and should be removed from the model.
2026-09-13 22:24:34.015 Python[84527:64775357] 2026-09-13 22:24:34.015423 [W:onnxruntime:, graph.cc:5607 CleanUnusedInitializersAndNodeArgs] Removing initializer 'fast_stream_s22_retain_step'. It is not used by any node and should be removed from the model.
2026-09-13 22:24:34.015 Python[84527:64775357] 2026-09-13 22:24:34.015435 [W:onnxruntime:, graph.cc:5607 CleanUnusedInitializersAndNodeArgs] Removing initializer 'fast_stream_s22_retain_end'. It is not used by any node and should be removed from the model.
2026-09-13 22:24:34.015 Python[84527:64775357] 2026-09-13 22:24:34.015442 [W:onnxruntime:, graph.cc:5607 CleanUnusedInitializersAndNodeArgs] Removing initializer 'fast_stream_s21_crop_end'. It is not used by any node and should be removed from the model.
2026-09-13 22:24:34.015 Python[84527:64775357] 2026-09-13 22:24:34.015448 [W:onnxruntime:, graph.cc:5607 CleanUnusedInitializersAndNodeArgs] Removing initializer 'fast_stream_s20_crop_end'. It is not used by any node and should be removed from the model.
2026-09-13 22:24:34.015 Python[84527:64775357] 2026-09-13 22:24:34.015454 [W:onnxruntime:, graph.cc:5607 CleanUnusedInitializersAndNodeArgs] Removing initializer 'fast_stream_s20_retain_axis'. It is not used by any node and should be removed from the model.
2026-09-13 22:24:34.015 Python[84527:64775357] 2026-09-13 22:24:34.015461 [W:onnxruntime:, graph.cc:5607 CleanUnusedInitializersAndNodeArgs] Removing initializer 'fast_stream_s19_crop_end'. It is not used by any node and should be removed from the model.
2026-09-13 22:24:34.015 Python[84527:64775357] 2026-09-13 22:24:34.015467 [W:onnxruntime:, graph.cc:5607 CleanUnusedInitializersAndNodeArgs] Removing initializer 'fast_stream_s19_retain_step'. It is not used by any node and should be removed from the model.
2026-09-13 22:24:34.015 Python[84527:64775357] 2026-09-13 22:24:34.015476 [W:onnxruntime:, graph.cc:5607 CleanUnusedInitializersAndNodeArgs] Removing initializer 'fast_stream_s19_retain_axis'. It is not used by any node and should be removed from the model.
2026-09-13 22:24:34.015 Python[84527:64775357] 2026-09-13 22:24:34.015485 [W:onnxruntime:, graph.cc:5607 CleanUnusedInitializersAndNodeArgs] Removing initializer 'fast_stream_s16_retain_step'. It is not used by any node and should be removed from the model.
2026-09-13 22:24:34.015 Python[84527:64775357] 2026-09-13 22:24:34.015490 [W:onnxruntime:, graph.cc:5607 CleanUnusedInitializersAndNodeArgs] Removing initializer 'fast_stream_s18_crop_step'. It is not used by any node and should be removed from the model.
2026-09-13 22:24:34.015 Python[84527:64775357] 2026-09-13 22:24:34.015497 [W:onnxruntime:, graph.cc:5607 CleanUnusedInitializersAndNodeArgs] Removing initializer 'fast_stream_s05_retain_start'. It is not used by any node and should be removed from the model.
2026-09-13 22:24:34.015 Python[84527:64775357] 2026-09-13 22:24:34.015502 [W:onnxruntime:, graph.cc:5607 CleanUnusedInitializersAndNodeArgs] Removing initializer 'fast_stream_s18_crop_axis'. It is not used by any node and should be removed from the model.
2026-09-13 22:24:34.015 Python[84527:64775357] 2026-09-13 22:24:34.015508 [W:onnxruntime:, graph.cc:5607 CleanUnusedInitializersAndNodeArgs] Removing initializer 'fast_stream_s18_crop_end'. It is not used by any node and should be removed from the model.
2026-09-13 22:24:34.015 Python[84527:64775357] 2026-09-13 22:24:34.015513 [W:onnxruntime:, graph.cc:5607 CleanUnusedInitializersAndNodeArgs] Removing initializer 'fast_stream_s22_retain_axis'. It is not used by any node and should be removed from the model.
2026-09-13 22:24:34.015 Python[84527:64775357] 2026-09-13 22:24:34.015518 [W:onnxruntime:, graph.cc:5607 CleanUnusedInitializersAndNodeArgs] Removing initializer 'fast_stream_s18_retain_axis'. It is not used by any node and should be removed from the model.
2026-09-13 22:24:34.015 Python[84527:64775357] 2026-09-13 22:24:34.015524 [W:onnxruntime:, graph.cc:5607 CleanUnusedInitializersAndNodeArgs] Removing initializer 'fast_stream_s13_crop_axis'. It is not used by any node and should be removed from the model.
2026-09-13 22:24:34.015 Python[84527:64775357] 2026-09-13 22:24:34.015529 [W:onnxruntime:, graph.cc:5607 CleanUnusedInitializersAndNodeArgs] Removing initializer 'fast_stream_s18_retain_end'. It is not used by any node and should be removed from the model.
2026-09-13 22:24:34.015 Python[84527:64775357] 2026-09-13 22:24:34.015534 [W:onnxruntime:, graph.cc:5607 CleanUnusedInitializersAndNodeArgs] Removing initializer 'fast_stream_s18_retain_start'. It is not used by any node and should be removed from the model.
2026-09-13 22:24:34.015 Python[84527:64775357] 2026-09-13 22:24:34.015539 [W:onnxruntime:, graph.cc:5607 CleanUnusedInitializersAndNodeArgs] Removing initializer 'fast_stream_s17_crop_axis'. It is not used by any node and should be removed from the model.
2026-09-13 22:24:34.015 Python[84527:64775357] 2026-09-13 22:24:34.015543 [W:onnxruntime:, graph.cc:5607 CleanUnusedInitializersAndNodeArgs] Removing initializer 'fast_stream_s17_crop_end'. It is not used by any node and should be removed from the model.
2026-09-13 22:24:34.015 Python[84527:64775357] 2026-09-13 22:24:34.015548 [W:onnxruntime:, graph.cc:5607 CleanUnusedInitializersAndNodeArgs] Removing initializer 'fast_stream_s17_zero_current'. It is not used by any node and should be removed from the model.
2026-09-13 22:24:34.015 Python[84527:64775357] 2026-09-13 22:24:34.015553 [W:onnxruntime:, graph.cc:5607 CleanUnusedInitializersAndNodeArgs] Removing initializer 'fast_stream_s17_retain_step'. It is not used by any node and should be removed from the model.
2026-09-13 22:24:34.015 Python[84527:64775357] 2026-09-13 22:24:34.015559 [W:onnxruntime:, graph.cc:5607 CleanUnusedInitializersAndNodeArgs] Removing initializer 'fast_stream_s23_crop_step'. It is not used by any node and should be removed from the model.
2026-09-13 22:24:34.015 Python[84527:64775357] 2026-09-13 22:24:34.015567 [W:onnxruntime:, graph.cc:5607 CleanUnusedInitializersAndNodeArgs] Removing initializer 'fast_stream_s17_retain_start'. It is not used by any node and should be removed from the model.
2026-09-13 22:24:34.015 Python[84527:64775357] 2026-09-13 22:24:34.015574 [W:onnxruntime:, graph.cc:5607 CleanUnusedInitializersAndNodeArgs] Removing initializer 'fast_stream_s16_crop_step'. It is not used by any node and should be removed from the model.
2026-09-13 22:24:34.015 Python[84527:64775357] 2026-09-13 22:24:34.015579 [W:onnxruntime:, graph.cc:5607 CleanUnusedInitializersAndNodeArgs] Removing initializer 'fast_stream_s16_crop_start'. It is not used by any node and should be removed from the model.
2026-09-13 22:24:34.015 Python[84527:64775357] 2026-09-13 22:24:34.015584 [W:onnxruntime:, graph.cc:5607 CleanUnusedInitializersAndNodeArgs] Removing initializer 'fast_stream_s16_retain_end'. It is not used by any node and should be removed from the model.
2026-09-13 22:24:34.015 Python[84527:64775357] 2026-09-13 22:24:34.015589 [W:onnxruntime:, graph.cc:5607 CleanUnusedInitializersAndNodeArgs] Removing initializer 'fast_stream_s15_crop_step'. It is not used by any node and should be removed from the model.
2026-09-13 22:24:34.015 Python[84527:64775357] 2026-09-13 22:24:34.015594 [W:onnxruntime:, graph.cc:5607 CleanUnusedInitializersAndNodeArgs] Removing initializer 'fast_stream_s15_crop_axis'. It is not used by any node and should be removed from the model.
2026-09-13 22:24:34.015 Python[84527:64775357] 2026-09-13 22:24:34.015599 [W:onnxruntime:, graph.cc:5607 CleanUnusedInitializersAndNodeArgs] Removing initializer 'fast_stream_s15_crop_end'. It is not used by any node and should be removed from the model.
2026-09-13 22:24:34.015 Python[84527:64775357] 2026-09-13 22:24:34.015603 [W:onnxruntime:, graph.cc:5607 CleanUnusedInitializersAndNodeArgs] Removing initializer 'fast_stream_s17_crop_step'. It is not used by any node and should be removed from the model.
2026-09-13 22:24:34.015 Python[84527:64775357] 2026-09-13 22:24:34.015609 [W:onnxruntime:, graph.cc:5607 CleanUnusedInitializersAndNodeArgs] Removing initializer 'fast_stream_s15_retain_start'. It is not used by any node and should be removed from the model.
2026-09-13 22:24:34.015 Python[84527:64775357] 2026-09-13 22:24:34.015614 [W:onnxruntime:, graph.cc:5607 CleanUnusedInitializersAndNodeArgs] Removing initializer 'fast_stream_s14_crop_step'. It is not used by any node and should be removed from the model.
2026-09-13 22:24:34.015 Python[84527:64775357] 2026-09-13 22:24:34.015619 [W:onnxruntime:, graph.cc:5607 CleanUnusedInitializersAndNodeArgs] Removing initializer 'fast_stream_s14_crop_axis'. It is not used by any node and should be removed from the model.
2026-09-13 22:24:34.015 Python[84527:64775357] 2026-09-13 22:24:34.015624 [W:onnxruntime:, graph.cc:5607 CleanUnusedInitializersAndNodeArgs] Removing initializer 'fast_stream_s14_crop_end'. It is not used by any node and should be removed from the model.
2026-09-13 22:24:34.015 Python[84527:64775357] 2026-09-13 22:24:34.015629 [W:onnxruntime:, graph.cc:5607 CleanUnusedInitializersAndNodeArgs] Removing initializer 'fast_stream_s14_crop_start'. It is not used by any node and should be removed from the model.
2026-09-13 22:24:34.015 Python[84527:64775357] 2026-09-13 22:24:34.015634 [W:onnxruntime:, graph.cc:5607 CleanUnusedInitializersAndNodeArgs] Removing initializer 'fast_stream_s14_retain_start'. It is not used by any node and should be removed from the model.
2026-09-13 22:24:34.015 Python[84527:64775357] 2026-09-13 22:24:34.015640 [W:onnxruntime:, graph.cc:5607 CleanUnusedInitializersAndNodeArgs] Removing initializer 'fast_stream_s21_retain_end'. It is not used by any node and should be removed from the model.
2026-09-13 22:24:34.015 Python[84527:64775357] 2026-09-13 22:24:34.015645 [W:onnxruntime:, graph.cc:5607 CleanUnusedInitializersAndNodeArgs] Removing initializer 'fast_stream_s13_crop_start'. It is not used by any node and should be removed from the model.
2026-09-13 22:24:34.015 Python[84527:64775357] 2026-09-13 22:24:34.015653 [W:onnxruntime:, graph.cc:5607 CleanUnusedInitializersAndNodeArgs] Removing initializer 'fast_stream_s12_crop_start'. It is not used by any node and should be removed from the model.
2026-09-13 22:24:34.015 Python[84527:64775357] 2026-09-13 22:24:34.015658 [W:onnxruntime:, graph.cc:5607 CleanUnusedInitializersAndNodeArgs] Removing initializer 'fast_stream_s12_retain_axis'. It is not used by any node and should be removed from the model.
2026-09-13 22:24:34.015 Python[84527:64775357] 2026-09-13 22:24:34.015665 [W:onnxruntime:, graph.cc:5607 CleanUnusedInitializersAndNodeArgs] Removing initializer 'fast_stream_s11_crop_step'. It is not used by any node and should be removed from the model.
2026-09-13 22:24:34.015 Python[84527:64775357] 2026-09-13 22:24:34.015670 [W:onnxruntime:, graph.cc:5607 CleanUnusedInitializersAndNodeArgs] Removing initializer 'fast_stream_s11_crop_axis'. It is not used by any node and should be removed from the model.
2026-09-13 22:24:34.015 Python[84527:64775357] 2026-09-13 22:24:34.015677 [W:onnxruntime:, graph.cc:5607 CleanUnusedInitializersAndNodeArgs] Removing initializer 'fast_stream_s01_retain_axis'. It is not used by any node and should be removed from the model.
2026-09-13 22:24:34.015 Python[84527:64775357] 2026-09-13 22:24:34.015682 [W:onnxruntime:, graph.cc:5607 CleanUnusedInitializersAndNodeArgs] Removing initializer 'fast_stream_s11_crop_start'. It is not used by any node and should be removed from the model.
2026-09-13 22:24:34.015 Python[84527:64775357] 2026-09-13 22:24:34.015688 [W:onnxruntime:, graph.cc:5607 CleanUnusedInitializersAndNodeArgs] Removing initializer 'fast_stream_s11_retain_step'. It is not used by any node and should be removed from the model.
2026-09-13 22:24:34.015 Python[84527:64775357] 2026-09-13 22:24:34.015695 [W:onnxruntime:, graph.cc:5607 CleanUnusedInitializersAndNodeArgs] Removing initializer 'fast_stream_s11_retain_axis'. It is not used by any node and should be removed from the model.
2026-09-13 22:24:34.015 Python[84527:64775357] 2026-09-13 22:24:34.015702 [W:onnxruntime:, graph.cc:5607 CleanUnusedInitializersAndNodeArgs] Removing initializer 'fast_stream_s11_retain_end'. It is not used by any node and should be removed from the model.
2026-09-13 22:24:34.015 Python[84527:64775357] 2026-09-13 22:24:34.015709 [W:onnxruntime:, graph.cc:5607 CleanUnusedInitializersAndNodeArgs] Removing initializer 'fast_stream_s23_crop_start'. It is not used by any node and should be removed from the model.
2026-09-13 22:24:34.015 Python[84527:64775357] 2026-09-13 22:24:34.015714 [W:onnxruntime:, graph.cc:5607 CleanUnusedInitializersAndNodeArgs] Removing initializer 'fast_stream_s09_crop_axis'. It is not used by any node and should be removed from the model.
2026-09-13 22:24:34.015 Python[84527:64775357] 2026-09-13 22:24:34.015720 [W:onnxruntime:, graph.cc:5607 CleanUnusedInitializersAndNodeArgs] Removing initializer 'fast_stream_s09_crop_end'. It is not used by any node and should be removed from the model.
2026-09-13 22:24:34.015 Python[84527:64775357] 2026-09-13 22:24:34.015725 [W:onnxruntime:, graph.cc:5607 CleanUnusedInitializersAndNodeArgs] Removing initializer 'fast_stream_s09_zero_current'. It is not used by any node and should be removed from the model.
2026-09-13 22:24:34.015 Python[84527:64775357] 2026-09-13 22:24:34.015730 [W:onnxruntime:, graph.cc:5607 CleanUnusedInitializersAndNodeArgs] Removing initializer 'fast_stream_s16_crop_end'. It is not used by any node and should be removed from the model.
2026-09-13 22:24:34.015 Python[84527:64775357] 2026-09-13 22:24:34.015735 [W:onnxruntime:, graph.cc:5607 CleanUnusedInitializersAndNodeArgs] Removing initializer 'fast_stream_s10_crop_step'. It is not used by any node and should be removed from the model.
2026-09-13 22:24:34.015 Python[84527:64775357] 2026-09-13 22:24:34.015740 [W:onnxruntime:, graph.cc:5607 CleanUnusedInitializersAndNodeArgs] Removing initializer 'fast_stream_s09_retain_step'. It is not used by any node and should be removed from the model.
2026-09-13 22:24:34.015 Python[84527:64775357] 2026-09-13 22:24:34.015757 [W:onnxruntime:, graph.cc:5607 CleanUnusedInitializersAndNodeArgs] Removing initializer 'fast_stream_s20_crop_start'. It is not used by any node and should be removed from the model.
2026-09-13 22:24:34.015 Python[84527:64775357] 2026-09-13 22:24:34.015767 [W:onnxruntime:, graph.cc:5607 CleanUnusedInitializersAndNodeArgs] Removing initializer 'fast_stream_s09_retain_axis'. It is not used by any node and should be removed from the model.
2026-09-13 22:24:34.015 Python[84527:64775357] 2026-09-13 22:24:34.015775 [W:onnxruntime:, graph.cc:5607 CleanUnusedInitializersAndNodeArgs] Removing initializer 'fast_stream_s12_crop_end'. It is not used by any node and should be removed from the model.
2026-09-13 22:24:34.015 Python[84527:64775357] 2026-09-13 22:24:34.015782 [W:onnxruntime:, graph.cc:5607 CleanUnusedInitializersAndNodeArgs] Removing initializer 'fast_stream_s09_retain_end'. It is not used by any node and should be removed from the model.
2026-09-13 22:24:34.015 Python[84527:64775357] 2026-09-13 22:24:34.015790 [W:onnxruntime:, graph.cc:5607 CleanUnusedInitializersAndNodeArgs] Removing initializer 'fast_stream_s17_retain_axis'. It is not used by any node and should be removed from the model.
2026-09-13 22:24:34.015 Python[84527:64775357] 2026-09-13 22:24:34.015797 [W:onnxruntime:, graph.cc:5607 CleanUnusedInitializersAndNodeArgs] Removing initializer 'fast_stream_s12_crop_step'. It is not used by any node and should be removed from the model.
2026-09-13 22:24:34.015 Python[84527:64775357] 2026-09-13 22:24:34.015804 [W:onnxruntime:, graph.cc:5607 CleanUnusedInitializersAndNodeArgs] Removing initializer 'fast_stream_s08_crop_step'. It is not used by any node and should be removed from the model.
2026-09-13 22:24:34.015 Python[84527:64775357] 2026-09-13 22:24:34.015809 [W:onnxruntime:, graph.cc:5607 CleanUnusedInitializersAndNodeArgs] Removing initializer 'fast_stream_s08_crop_axis'. It is not used by any node and should be removed from the model.
2026-09-13 22:24:34.015 Python[84527:64775357] 2026-09-13 22:24:34.015818 [W:onnxruntime:, graph.cc:5607 CleanUnusedInitializersAndNodeArgs] Removing initializer 'fast_stream_s08_crop_end'. It is not used by any node and should be removed from the model.
2026-09-13 22:24:34.015 Python[84527:64775357] 2026-09-13 22:24:34.015827 [W:onnxruntime:, graph.cc:5607 CleanUnusedInitializersAndNodeArgs] Removing initializer 'fast_stream_s07_crop_step'. It is not used by any node and should be removed from the model.
2026-09-13 22:24:34.015 Python[84527:64775357] 2026-09-13 22:24:34.015836 [W:onnxruntime:, graph.cc:5607 CleanUnusedInitializersAndNodeArgs] Removing initializer 'fast_stream_s08_retain_axis'. It is not used by any node and should be removed from the model.
2026-09-13 22:24:34.015 Python[84527:64775357] 2026-09-13 22:24:34.015843 [W:onnxruntime:, graph.cc:5607 CleanUnusedInitializersAndNodeArgs] Removing initializer 'fast_stream_s07_crop_axis'. It is not used by any node and should be removed from the model.
2026-09-13 22:24:34.015 Python[84527:64775357] 2026-09-13 22:24:34.015848 [W:onnxruntime:, graph.cc:5607 CleanUnusedInitializersAndNodeArgs] Removing initializer 'fast_stream_s07_retain_step'. It is not used by any node and should be removed from the model.
2026-09-13 22:24:34.015 Python[84527:64775357] 2026-09-13 22:24:34.015853 [W:onnxruntime:, graph.cc:5607 CleanUnusedInitializersAndNodeArgs] Removing initializer 'fast_stream_s07_retain_axis'. It is not used by any node and should be removed from the model.
2026-09-13 22:24:34.015 Python[84527:64775357] 2026-09-13 22:24:34.015858 [W:onnxruntime:, graph.cc:5607 CleanUnusedInitializersAndNodeArgs] Removing initializer 'fast_stream_s11_crop_end'. It is not used by any node and should be removed from the model.
2026-09-13 22:24:34.015 Python[84527:64775357] 2026-09-13 22:24:34.015863 [W:onnxruntime:, graph.cc:5607 CleanUnusedInitializersAndNodeArgs] Removing initializer 'fast_stream_s07_crop_end'. It is not used by any node and should be removed from the model.
2026-09-13 22:24:34.015 Python[84527:64775357] 2026-09-13 22:24:34.015871 [W:onnxruntime:, graph.cc:5607 CleanUnusedInitializersAndNodeArgs] Removing initializer 'fast_stream_s07_retain_end'. It is not used by any node and should be removed from the model.
2026-09-13 22:24:34.015 Python[84527:64775357] 2026-09-13 22:24:34.015877 [W:onnxruntime:, graph.cc:5607 CleanUnusedInitializersAndNodeArgs] Removing initializer 'fast_stream_s06_crop_start'. It is not used by any node and should be removed from the model.
2026-09-13 22:24:34.015 Python[84527:64775357] 2026-09-13 22:24:34.015881 [W:onnxruntime:, graph.cc:5607 CleanUnusedInitializersAndNodeArgs] Removing initializer 'fast_stream_s06_retain_end'. It is not used by any node and should be removed from the model.
2026-09-13 22:24:34.015 Python[84527:64775357] 2026-09-13 22:24:34.015887 [W:onnxruntime:, graph.cc:5607 CleanUnusedInitializersAndNodeArgs] Removing initializer 'fast_stream_s03_retain_end'. It is not used by any node and should be removed from the model.
2026-09-13 22:24:34.015 Python[84527:64775357] 2026-09-13 22:24:34.015892 [W:onnxruntime:, graph.cc:5607 CleanUnusedInitializersAndNodeArgs] Removing initializer 'fast_stream_s10_retain_start'. It is not used by any node and should be removed from the model.
2026-09-13 22:24:34.015 Python[84527:64775357] 2026-09-13 22:24:34.015900 [W:onnxruntime:, graph.cc:5607 CleanUnusedInitializersAndNodeArgs] Removing initializer 'fast_stream_s06_retain_start'. It is not used by any node and should be removed from the model.
2026-09-13 22:24:34.015 Python[84527:64775357] 2026-09-13 22:24:34.015907 [W:onnxruntime:, graph.cc:5607 CleanUnusedInitializersAndNodeArgs] Removing initializer 'fast_stream_s10_crop_end'. It is not used by any node and should be removed from the model.
2026-09-13 22:24:34.015 Python[84527:64775357] 2026-09-13 22:24:34.015916 [W:onnxruntime:, graph.cc:5607 CleanUnusedInitializersAndNodeArgs] Removing initializer 'fast_stream_s03_crop_axis'. It is not used by any node and should be removed from the model.
2026-09-13 22:24:34.015 Python[84527:64775357] 2026-09-13 22:24:34.015922 [W:onnxruntime:, graph.cc:5607 CleanUnusedInitializersAndNodeArgs] Removing initializer 'fast_stream_s05_crop_step'. It is not used by any node and should be removed from the model.
2026-09-13 22:24:34.015 Python[84527:64775357] 2026-09-13 22:24:34.015932 [W:onnxruntime:, graph.cc:5607 CleanUnusedInitializersAndNodeArgs] Removing initializer 'fast_stream_s05_crop_end'. It is not used by any node and should be removed from the model.
2026-09-13 22:24:34.015 Python[84527:64775357] 2026-09-13 22:24:34.015942 [W:onnxruntime:, graph.cc:5607 CleanUnusedInitializersAndNodeArgs] Removing initializer 'fast_stream_s05_zero_current'. It is not used by any node and should be removed from the model.
2026-09-13 22:24:34.015 Python[84527:64775357] 2026-09-13 22:24:34.015949 [W:onnxruntime:, graph.cc:5607 CleanUnusedInitializersAndNodeArgs] Removing initializer 'fast_stream_s23_retain_start'. It is not used by any node and should be removed from the model.
2026-09-13 22:24:34.015 Python[84527:64775357] 2026-09-13 22:24:34.015954 [W:onnxruntime:, graph.cc:5607 CleanUnusedInitializersAndNodeArgs] Removing initializer 'fast_stream_s05_retain_step'. It is not used by any node and should be removed from the model.
2026-09-13 22:24:34.015 Python[84527:64775357] 2026-09-13 22:24:34.015959 [W:onnxruntime:, graph.cc:5607 CleanUnusedInitializersAndNodeArgs] Removing initializer 'fast_stream_s05_retain_end'. It is not used by any node and should be removed from the model.
2026-09-13 22:24:34.015 Python[84527:64775357] 2026-09-13 22:24:34.015967 [W:onnxruntime:, graph.cc:5607 CleanUnusedInitializersAndNodeArgs] Removing initializer 'fast_stream_s10_retain_axis'. It is not used by any node and should be removed from the model.
2026-09-13 22:24:34.015 Python[84527:64775357] 2026-09-13 22:24:34.015974 [W:onnxruntime:, graph.cc:5607 CleanUnusedInitializersAndNodeArgs] Removing initializer 'fast_stream_s05_retain_axis'. It is not used by any node and should be removed from the model.
2026-09-13 22:24:34.015 Python[84527:64775357] 2026-09-13 22:24:34.015982 [W:onnxruntime:, graph.cc:5607 CleanUnusedInitializersAndNodeArgs] Removing initializer 'fast_stream_s12_crop_axis'. It is not used by any node and should be removed from the model.
2026-09-13 22:24:34.015 Python[84527:64775357] 2026-09-13 22:24:34.015987 [W:onnxruntime:, graph.cc:5607 CleanUnusedInitializersAndNodeArgs] Removing initializer 'fast_stream_s04_crop_axis'. It is not used by any node and should be removed from the model.
2026-09-13 22:24:34.015 Python[84527:64775357] 2026-09-13 22:24:34.015994 [W:onnxruntime:, graph.cc:5607 CleanUnusedInitializersAndNodeArgs] Removing initializer 'fast_stream_s00_retain_end'. It is not used by any node and should be removed from the model.
2026-09-13 22:24:34.016 Python[84527:64775357] 2026-09-13 22:24:34.016002 [W:onnxruntime:, graph.cc:5607 CleanUnusedInitializersAndNodeArgs] Removing initializer 'fast_stream_s15_retain_end'. It is not used by any node and should be removed from the model.
2026-09-13 22:24:34.016 Python[84527:64775357] 2026-09-13 22:24:34.016008 [W:onnxruntime:, graph.cc:5607 CleanUnusedInitializersAndNodeArgs] Removing initializer 'fast_stream_s04_crop_start'. It is not used by any node and should be removed from the model.
2026-09-13 22:24:34.016 Python[84527:64775357] 2026-09-13 22:24:34.016015 [W:onnxruntime:, graph.cc:5607 CleanUnusedInitializersAndNodeArgs] Removing initializer 'fast_stream_s13_retain_end'. It is not used by any node and should be removed from the model.
2026-09-13 22:24:34.016 Python[84527:64775357] 2026-09-13 22:24:34.016021 [W:onnxruntime:, graph.cc:5607 CleanUnusedInitializersAndNodeArgs] Removing initializer 'fast_stream_s02_crop_axis'. It is not used by any node and should be removed from the model.
2026-09-13 22:24:34.016 Python[84527:64775357] 2026-09-13 22:24:34.016027 [W:onnxruntime:, graph.cc:5607 CleanUnusedInitializersAndNodeArgs] Removing initializer 'fast_stream_s04_retain_start'. It is not used by any node and should be removed from the model.
2026-09-13 22:24:34.016 Python[84527:64775357] 2026-09-13 22:24:34.016033 [W:onnxruntime:, graph.cc:5607 CleanUnusedInitializersAndNodeArgs] Removing initializer 'fast_stream_s03_crop_step'. It is not used by any node and should be removed from the model.
2026-09-13 22:24:34.016 Python[84527:64775357] 2026-09-13 22:24:34.016037 [W:onnxruntime:, graph.cc:5607 CleanUnusedInitializersAndNodeArgs] Removing initializer 'fast_stream_s03_retain_step'. It is not used by any node and should be removed from the model.
2026-09-13 22:24:34.016 Python[84527:64775357] 2026-09-13 22:24:34.016044 [W:onnxruntime:, graph.cc:5607 CleanUnusedInitializersAndNodeArgs] Removing initializer 'fast_stream_s03_retain_axis'. It is not used by any node and should be removed from the model.
2026-09-13 22:24:34.016 Python[84527:64775357] 2026-09-13 22:24:34.016049 [W:onnxruntime:, graph.cc:5607 CleanUnusedInitializersAndNodeArgs] Removing initializer 'fast_stream_s12_retain_end'. It is not used by any node and should be removed from the model.
2026-09-13 22:24:34.016 Python[84527:64775357] 2026-09-13 22:24:34.016054 [W:onnxruntime:, graph.cc:5607 CleanUnusedInitializersAndNodeArgs] Removing initializer 'fast_stream_s03_retain_start'. It is not used by any node and should be removed from the model.
2026-09-13 22:24:34.016 Python[84527:64775357] 2026-09-13 22:24:34.016059 [W:onnxruntime:, graph.cc:5607 CleanUnusedInitializersAndNodeArgs] Removing initializer 'fast_stream_s02_crop_end'. It is not used by any node and should be removed from the model.
2026-09-13 22:24:34.016 Python[84527:64775357] 2026-09-13 22:24:34.016065 [W:onnxruntime:, graph.cc:5607 CleanUnusedInitializersAndNodeArgs] Removing initializer 'fast_stream_s02_retain_step'. It is not used by any node and should be removed from the model.
2026-09-13 22:24:34.016 Python[84527:64775357] 2026-09-13 22:24:34.016071 [W:onnxruntime:, graph.cc:5607 CleanUnusedInitializersAndNodeArgs] Removing initializer 'fast_stream_s02_retain_end'. It is not used by any node and should be removed from the model.
2026-09-13 22:24:34.016 Python[84527:64775357] 2026-09-13 22:24:34.016080 [W:onnxruntime:, graph.cc:5607 CleanUnusedInitializersAndNodeArgs] Removing initializer 'fast_stream_s01_crop_step'. It is not used by any node and should be removed from the model.
2026-09-13 22:24:34.016 Python[84527:64775357] 2026-09-13 22:24:34.016086 [W:onnxruntime:, graph.cc:5607 CleanUnusedInitializersAndNodeArgs] Removing initializer 'fast_stream_s17_retain_end'. It is not used by any node and should be removed from the model.
2026-09-13 22:24:34.016 Python[84527:64775357] 2026-09-13 22:24:34.016091 [W:onnxruntime:, graph.cc:5607 CleanUnusedInitializersAndNodeArgs] Removing initializer 'fast_stream_s01_crop_axis'. It is not used by any node and should be removed from the model.
2026-09-13 22:24:34.016 Python[84527:64775357] 2026-09-13 22:24:34.016097 [W:onnxruntime:, graph.cc:5607 CleanUnusedInitializersAndNodeArgs] Removing initializer 'fast_stream_s13_zero_current'. It is not used by any node and should be removed from the model.
2026-09-13 22:24:34.016 Python[84527:64775357] 2026-09-13 22:24:34.016104 [W:onnxruntime:, graph.cc:5607 CleanUnusedInitializersAndNodeArgs] Removing initializer 'fast_stream_s13_crop_step'. It is not used by any node and should be removed from the model.
2026-09-13 22:24:34.016 Python[84527:64775357] 2026-09-13 22:24:34.016108 [W:onnxruntime:, graph.cc:5607 CleanUnusedInitializersAndNodeArgs] Removing initializer 'fast_stream_s01_retain_end'. It is not used by any node and should be removed from the model.
2026-09-13 22:24:34.016 Python[84527:64775357] 2026-09-13 22:24:34.016113 [W:onnxruntime:, graph.cc:5607 CleanUnusedInitializersAndNodeArgs] Removing initializer 'fast_stream_s14_retain_end'. It is not used by any node and should be removed from the model.
2026-09-13 22:24:34.016 Python[84527:64775357] 2026-09-13 22:24:34.016118 [W:onnxruntime:, graph.cc:5607 CleanUnusedInitializersAndNodeArgs] Removing initializer 'fast_stream_s01_retain_start'. It is not used by any node and should be removed from the model.
2026-09-13 22:24:34.016 Python[84527:64775357] 2026-09-13 22:24:34.016123 [W:onnxruntime:, graph.cc:5607 CleanUnusedInitializersAndNodeArgs] Removing initializer 'fast_stream_s03_crop_start'. It is not used by any node and should be removed from the model.
2026-09-13 22:24:34.016 Python[84527:64775357] 2026-09-13 22:24:34.016128 [W:onnxruntime:, graph.cc:5607 CleanUnusedInitializersAndNodeArgs] Removing initializer 'fast_stream_s00_crop_step'. It is not used by any node and should be removed from the model.
2026-09-13 22:24:34.016 Python[84527:64775357] 2026-09-13 22:24:34.016133 [W:onnxruntime:, graph.cc:5607 CleanUnusedInitializersAndNodeArgs] Removing initializer 'fast_stream_s00_crop_axis'. It is not used by any node and should be removed from the model.
2026-09-13 22:24:34.016 Python[84527:64775357] 2026-09-13 22:24:34.016140 [W:onnxruntime:, graph.cc:5607 CleanUnusedInitializersAndNodeArgs] Removing initializer 'fast_stream_s00_crop_start'. It is not used by any node and should be removed from the model.
2026-09-13 22:24:34.016 Python[84527:64775357] 2026-09-13 22:24:34.016146 [W:onnxruntime:, graph.cc:5607 CleanUnusedInitializersAndNodeArgs] Removing initializer 'fast_stream_s00_retain_step'. It is not used by any node and should be removed from the model.
2026-09-13 22:24:34.016 Python[84527:64775357] 2026-09-13 22:24:34.016151 [W:onnxruntime:, graph.cc:5607 CleanUnusedInitializersAndNodeArgs] Removing initializer 'fast_stream_s00_retain_start'. It is not used by any node and should be removed from the model.
2026-09-13 22:24:34.016 Python[84527:64775357] 2026-09-13 22:24:34.016155 [W:onnxruntime:, graph.cc:5607 CleanUnusedInitializersAndNodeArgs] Removing initializer 'fast_stream_s21_retain_start'. It is not used by any node and should be removed from the model.
2026-09-13 22:24:34.016 Python[84527:64775357] 2026-09-13 22:24:34.016160 [W:onnxruntime:, graph.cc:5607 CleanUnusedInitializersAndNodeArgs] Removing initializer 'fast_stream_s16_retain_start'. It is not used by any node and should be removed from the model.
2026-09-13 22:24:34.016 Python[84527:64775357] 2026-09-13 22:24:34.016169 [W:onnxruntime:, graph.cc:5607 CleanUnusedInitializersAndNodeArgs] Removing initializer 'fast_stream_s10_crop_start'. It is not used by any node and should be removed from the model.
2026-09-13 22:24:34.016 Python[84527:64775357] 2026-09-13 22:24:34.016178 [W:onnxruntime:, graph.cc:5607 CleanUnusedInitializersAndNodeArgs] Removing initializer 'fast_stream_s05_crop_axis'. It is not used by any node and should be removed from the model.
2026-09-13 22:24:34.016 Python[84527:64775357] 2026-09-13 22:24:34.016183 [W:onnxruntime:, graph.cc:5607 CleanUnusedInitializersAndNodeArgs] Removing initializer 'fast_stream_s10_retain_end'. It is not used by any node and should be removed from the model.
2026-09-13 22:24:34.016 Python[84527:64775357] 2026-09-13 22:24:34.016188 [W:onnxruntime:, graph.cc:5607 CleanUnusedInitializersAndNodeArgs] Removing initializer 'fast_stream_s20_retain_step'. It is not used by any node and should be removed from the model.
2026-09-13 22:24:34.016 Python[84527:64775357] 2026-09-13 22:24:34.016195 [W:onnxruntime:, graph.cc:5607 CleanUnusedInitializersAndNodeArgs] Removing initializer 'fast_stream_s01_zero_current'. It is not used by any node and should be removed from the model.
2026-09-13 22:24:34.016 Python[84527:64775357] 2026-09-13 22:24:34.016201 [W:onnxruntime:, graph.cc:5607 CleanUnusedInitializersAndNodeArgs] Removing initializer 'fast_stream_s09_crop_step'. It is not used by any node and should be removed from the model.
2026-09-13 22:24:34.016 Python[84527:64775357] 2026-09-13 22:24:34.016206 [W:onnxruntime:, graph.cc:5607 CleanUnusedInitializersAndNodeArgs] Removing initializer 'fast_stream_s04_retain_end'. It is not used by any node and should be removed from the model.
2026-09-13 22:24:34.016 Python[84527:64775357] 2026-09-13 22:24:34.016213 [W:onnxruntime:, graph.cc:5607 CleanUnusedInitializersAndNodeArgs] Removing initializer 'fast_stream_s14_retain_axis'. It is not used by any node and should be removed from the model.
2026-09-13 22:24:34.016 Python[84527:64775357] 2026-09-13 22:24:34.016218 [W:onnxruntime:, graph.cc:5607 CleanUnusedInitializersAndNodeArgs] Removing initializer 'fast_stream_s11_retain_start'. It is not used by any node and should be removed from the model.
2026-09-13 22:24:34.016 Python[84527:64775357] 2026-09-13 22:24:34.016224 [W:onnxruntime:, graph.cc:5607 CleanUnusedInitializersAndNodeArgs] Removing initializer 'fast_stream_s04_crop_end'. It is not used by any node and should be removed from the model.
2026-09-13 22:24:34.016 Python[84527:64775357] 2026-09-13 22:24:34.016230 [W:onnxruntime:, graph.cc:5607 CleanUnusedInitializersAndNodeArgs] Removing initializer 'fast_stream_s06_retain_axis'. It is not used by any node and should be removed from the model.
2026-09-13 22:24:34.016 Python[84527:64775357] 2026-09-13 22:24:34.016235 [W:onnxruntime:, graph.cc:5607 CleanUnusedInitializersAndNodeArgs] Removing initializer 'fast_stream_s20_retain_end'. It is not used by any node and should be removed from the model.
2026-09-13 22:24:34.016 Python[84527:64775357] 2026-09-13 22:24:34.016240 [W:onnxruntime:, graph.cc:5607 CleanUnusedInitializersAndNodeArgs] Removing initializer 'fast_stream_s13_retain_step'. It is not used by any node and should be removed from the model.
2026-09-13 22:24:34.016 Python[84527:64775357] 2026-09-13 22:24:34.016246 [W:onnxruntime:, graph.cc:5607 CleanUnusedInitializersAndNodeArgs] Removing initializer 'fast_stream_s04_retain_step'. It is not used by any node and should be removed from the model.
2026-09-13 22:24:34.016 Python[84527:64775357] 2026-09-13 22:24:34.016251 [W:onnxruntime:, graph.cc:5607 CleanUnusedInitializersAndNodeArgs] Removing initializer 'fast_stream_s24_crop_start'. It is not used by any node and should be removed from the model.
2026-09-13 22:24:34.016 Python[84527:64775357] 2026-09-13 22:24:34.016256 [W:onnxruntime:, graph.cc:5607 CleanUnusedInitializersAndNodeArgs] Removing initializer 'fast_stream_s08_retain_end'. It is not used by any node and should be removed from the model.
2026-09-13 22:24:34.016 Python[84527:64775357] 2026-09-13 22:24:34.016266 [W:onnxruntime:, graph.cc:5607 CleanUnusedInitializersAndNodeArgs] Removing initializer 'fast_stream_s02_crop_start'. It is not used by any node and should be removed from the model.
2026-09-13 22:24:34.016 Python[84527:64775357] 2026-09-13 22:24:34.016271 [W:onnxruntime:, graph.cc:5607 CleanUnusedInitializersAndNodeArgs] Removing initializer 'fast_stream_s20_retain_start'. It is not used by any node and should be removed from the model.
2026-09-13 22:24:34.016 Python[84527:64775357] 2026-09-13 22:24:34.016278 [W:onnxruntime:, graph.cc:5607 CleanUnusedInitializersAndNodeArgs] Removing initializer 'fast_stream_s01_crop_end'. It is not used by any node and should be removed from the model.
2026-09-13 22:24:34.016 Python[84527:64775357] 2026-09-13 22:24:34.016284 [W:onnxruntime:, graph.cc:5607 CleanUnusedInitializersAndNodeArgs] Removing initializer 'fast_stream_s19_retain_end'. It is not used by any node and should be removed from the model.
2026-09-13 22:24:34.016 Python[84527:64775357] 2026-09-13 22:24:34.016289 [W:onnxruntime:, graph.cc:5607 CleanUnusedInitializersAndNodeArgs] Removing initializer 'fast_stream_s19_crop_axis'. It is not used by any node and should be removed from the model.
2026-09-13 22:24:34.016 Python[84527:64775357] 2026-09-13 22:24:34.016297 [W:onnxruntime:, graph.cc:5607 CleanUnusedInitializersAndNodeArgs] Removing initializer 'fast_stream_s06_crop_axis'. It is not used by any node and should be removed from the model.
2026-09-13 22:24:34.016 Python[84527:64775357] 2026-09-13 22:24:34.016302 [W:onnxruntime:, graph.cc:5607 CleanUnusedInitializersAndNodeArgs] Removing initializer 'fast_stream_s14_retain_step'. It is not used by any node and should be removed from the model.
2026-09-13 22:24:34.016 Python[84527:64775357] 2026-09-13 22:24:34.016307 [W:onnxruntime:, graph.cc:5607 CleanUnusedInitializersAndNodeArgs] Removing initializer 'fast_stream_s21_zero_current'. It is not used by any node and should be removed from the model.
2026-09-13 22:24:34.016 Python[84527:64775357] 2026-09-13 22:24:34.016314 [W:onnxruntime:, graph.cc:5607 CleanUnusedInitializersAndNodeArgs] Removing initializer 'fast_stream_s06_crop_step'. It is not used by any node and should be removed from the model.
2026-09-13 22:24:34.016 Python[84527:64775357] 2026-09-13 22:24:34.016319 [W:onnxruntime:, graph.cc:5607 CleanUnusedInitializersAndNodeArgs] Removing initializer 'fast_stream_s24_crop_axis'. It is not used by any node and should be removed from the model.
2026-09-13 22:24:34.016 Python[84527:64775357] 2026-09-13 22:24:34.016324 [W:onnxruntime:, graph.cc:5607 CleanUnusedInitializersAndNodeArgs] Removing initializer 'fast_stream_s24_retain_start'. It is not used by any node and should be removed from the model.
2026-09-13 22:24:34.016 Python[84527:64775357] 2026-09-13 22:24:34.016329 [W:onnxruntime:, graph.cc:5607 CleanUnusedInitializersAndNodeArgs] Removing initializer 'fast_stream_s19_crop_start'. It is not used by any node and should be removed from the model.
2026-09-13 22:24:34.016 Python[84527:64775357] 2026-09-13 22:24:34.016333 [W:onnxruntime:, graph.cc:5607 CleanUnusedInitializersAndNodeArgs] Removing initializer 'fast_stream_s06_crop_end'. It is not used by any node and should be removed from the model.
2026-09-13 22:24:34.016 Python[84527:64775357] 2026-09-13 22:24:34.016339 [W:onnxruntime:, graph.cc:5607 CleanUnusedInitializersAndNodeArgs] Removing initializer 'fast_stream_s00_retain_axis'. It is not used by any node and should be removed from the model.
2026-09-13 22:24:34.016 Python[84527:64775357] 2026-09-13 22:24:34.016344 [W:onnxruntime:, graph.cc:5607 CleanUnusedInitializersAndNodeArgs] Removing initializer 'fast_stream_s21_crop_step'. It is not used by any node and should be removed from the model.
2026-09-13 22:24:34.016 Python[84527:64775357] 2026-09-13 22:24:34.016349 [W:onnxruntime:, graph.cc:5607 CleanUnusedInitializersAndNodeArgs] Removing initializer 'fast_stream_s08_crop_start'. It is not used by any node and should be removed from the model.
2026-09-13 22:24:34.016 Python[84527:64775357] 2026-09-13 22:24:34.016356 [W:onnxruntime:, graph.cc:5607 CleanUnusedInitializersAndNodeArgs] Removing initializer 'fast_stream_s09_retain_start'. It is not used by any node and should be removed from the model.
2026-09-13 22:24:34.016 Python[84527:64775357] 2026-09-13 22:24:34.016362 [W:onnxruntime:, graph.cc:5607 CleanUnusedInitializersAndNodeArgs] Removing initializer 'fast_stream_s21_retain_axis'. It is not used by any node and should be removed from the model.
2026-09-13 22:24:34.016 Python[84527:64775357] 2026-09-13 22:24:34.016367 [W:onnxruntime:, graph.cc:5607 CleanUnusedInitializersAndNodeArgs] Removing initializer 'fast_stream_s07_crop_start'. It is not used by any node and should be removed from the model.
2026-09-13 22:24:34.016 Python[84527:64775357] 2026-09-13 22:24:34.016372 [W:onnxruntime:, graph.cc:5607 CleanUnusedInitializersAndNodeArgs] Removing initializer 'fast_stream_s16_crop_axis'. It is not used by any node and should be removed from the model.
2026-09-13 22:24:34.016 Python[84527:64775357] 2026-09-13 22:24:34.016377 [W:onnxruntime:, graph.cc:5607 CleanUnusedInitializersAndNodeArgs] Removing initializer 'fast_stream_s15_retain_step'. It is not used by any node and should be removed from the model.
2026-09-13 22:24:34.016 Python[84527:64775357] 2026-09-13 22:24:34.016382 [W:onnxruntime:, graph.cc:5607 CleanUnusedInitializersAndNodeArgs] Removing initializer 'fast_stream_s03_crop_end'. It is not used by any node and should be removed from the model.
2026-09-13 22:24:34.016 Python[84527:64775357] 2026-09-13 22:24:34.016386 [W:onnxruntime:, graph.cc:5607 CleanUnusedInitializersAndNodeArgs] Removing initializer 'fast_stream_s18_retain_step'. It is not used by any node and should be removed from the model.
2026-09-13 22:24:34.016 Python[84527:64775357] 2026-09-13 22:24:34.016391 [W:onnxruntime:, graph.cc:5607 CleanUnusedInitializersAndNodeArgs] Removing initializer 'fast_stream_s04_crop_step'. It is not used by any node and should be removed from the model.
2026-09-13 22:24:34.016 Python[84527:64775357] 2026-09-13 22:24:34.016396 [W:onnxruntime:, graph.cc:5607 CleanUnusedInitializersAndNodeArgs] Removing initializer 'fast_stream_s22_crop_step'. It is not used by any node and should be removed from the model.
2026-09-13 22:24:34.016 Python[84527:64775357] 2026-09-13 22:24:34.016402 [W:onnxruntime:, graph.cc:5607 CleanUnusedInitializersAndNodeArgs] Removing initializer 'fast_stream_s02_crop_step'. It is not used by any node and should be removed from the model.
2026-09-13 22:24:34.016 Python[84527:64775357] 2026-09-13 22:24:34.016406 [W:onnxruntime:, graph.cc:5607 CleanUnusedInitializersAndNodeArgs] Removing initializer 'fast_stream_s23_crop_end'. It is not used by any node and should be removed from the model.
2026-09-13 22:24:34.016 Python[84527:64775357] 2026-09-13 22:24:34.016411 [W:onnxruntime:, graph.cc:5607 CleanUnusedInitializersAndNodeArgs] Removing initializer 'fast_stream_s24_retain_step'. It is not used by any node and should be removed from the model.
2026-09-13 22:24:34.016 Python[84527:64775357] 2026-09-13 22:24:34.016417 [W:onnxruntime:, graph.cc:5607 CleanUnusedInitializersAndNodeArgs] Removing initializer 'fast_stream_s18_crop_start'. It is not used by any node and should be removed from the model.
2026-09-13 22:24:34.016 Python[84527:64775357] 2026-09-13 22:24:34.016421 [W:onnxruntime:, graph.cc:5607 CleanUnusedInitializersAndNodeArgs] Removing initializer 'fast_stream_s21_crop_axis'. It is not used by any node and should be removed from the model.
2026-09-13 22:24:34.016 Python[84527:64775357] 2026-09-13 22:24:34.016426 [W:onnxruntime:, graph.cc:5607 CleanUnusedInitializersAndNodeArgs] Removing initializer 'fast_stream_s17_crop_start'. It is not used by any node and should be removed from the model.
2026-09-13 22:24:34.016 Python[84527:64775357] 2026-09-13 22:24:34.016432 [W:onnxruntime:, graph.cc:5607 CleanUnusedInitializersAndNodeArgs] Removing initializer 'fast_stream_s05_crop_start'. It is not used by any node and should be removed from the model.
2026-09-13 22:24:34.016 Python[84527:64775357] 2026-09-13 22:24:34.016439 [W:onnxruntime:, graph.cc:5607 CleanUnusedInitializersAndNodeArgs] Removing initializer 'fast_stream_s16_retain_axis'. It is not used by any node and should be removed from the model.
2026-09-13 22:24:34.016 Python[84527:64775357] 2026-09-13 22:24:34.016444 [W:onnxruntime:, graph.cc:5607 CleanUnusedInitializersAndNodeArgs] Removing initializer 'fast_stream_s12_retain_step'. It is not used by any node and should be removed from the model.
2026-09-13 22:24:34.016 Python[84527:64775357] 2026-09-13 22:24:34.016449 [W:onnxruntime:, graph.cc:5607 CleanUnusedInitializersAndNodeArgs] Removing initializer 'fast_stream_s10_retain_step'. It is not used by any node and should be removed from the model.
2026-09-13 22:24:34.016 Python[84527:64775357] 2026-09-13 22:24:34.016454 [W:onnxruntime:, graph.cc:5607 CleanUnusedInitializersAndNodeArgs] Removing initializer 'fast_stream_s08_retain_step'. It is not used by any node and should be removed from the model.
2026-09-13 22:24:34.016 Python[84527:64775357] 2026-09-13 22:24:34.016459 [W:onnxruntime:, graph.cc:5607 CleanUnusedInitializersAndNodeArgs] Removing initializer 'fast_stream_s00_crop_end'. It is not used by any node and should be removed from the model.
2026-09-13 22:24:34.016 Python[84527:64775357] 2026-09-13 22:24:34.016464 [W:onnxruntime:, graph.cc:5607 CleanUnusedInitializersAndNodeArgs] Removing initializer 'fast_stream_s21_crop_start'. It is not used by any node and should be removed from the model.
2026-09-13 22:24:34.016 Python[84527:64775357] 2026-09-13 22:24:34.016470 [W:onnxruntime:, graph.cc:5607 CleanUnusedInitializersAndNodeArgs] Removing initializer 'fast_stream_s10_crop_axis'. It is not used by any node and should be removed from the model.
2026-09-13 22:24:34.016 Python[84527:64775357] 2026-09-13 22:24:34.016475 [W:onnxruntime:, graph.cc:5607 CleanUnusedInitializersAndNodeArgs] Removing initializer 'fast_stream_s13_retain_axis'. It is not used by any node and should be removed from the model.
2026-09-13 22:24:34.016 Python[84527:64775357] 2026-09-13 22:24:34.016480 [W:onnxruntime:, graph.cc:5607 CleanUnusedInitializersAndNodeArgs] Removing initializer 'fast_stream_s22_crop_start'. It is not used by any node and should be removed from the model.
2026-09-13 22:24:34.016 Python[84527:64775357] 2026-09-13 22:24:34.016485 [W:onnxruntime:, graph.cc:5607 CleanUnusedInitializersAndNodeArgs] Removing initializer 'fast_stream_s20_crop_axis'. It is not used by any node and should be removed from the model.
2026-09-13 22:24:34.016 Python[84527:64775357] 2026-09-13 22:24:34.016490 [W:onnxruntime:, graph.cc:5607 CleanUnusedInitializersAndNodeArgs] Removing initializer 'fast_stream_s02_retain_start'. It is not used by any node and should be removed from the model.
2026-09-13 22:24:34.016 Python[84527:64775357] 2026-09-13 22:24:34.016495 [W:onnxruntime:, graph.cc:5607 CleanUnusedInitializersAndNodeArgs] Removing initializer 'fast_stream_s01_retain_step'. It is not used by any node and should be removed from the model.
2026-09-13 22:24:34.016 Python[84527:64775357] 2026-09-13 22:24:34.016501 [W:onnxruntime:, graph.cc:5607 CleanUnusedInitializersAndNodeArgs] Removing initializer 'fast_stream_s01_crop_start'. It is not used by any node and should be removed from the model.
2026-09-13 22:24:34.016 Python[84527:64775357] 2026-09-13 22:24:34.016507 [W:onnxruntime:, graph.cc:5607 CleanUnusedInitializersAndNodeArgs] Removing initializer 'fast_stream_s21_retain_step'. It is not used by any node and should be removed from the model.
2026-09-13 22:24:34.016 Python[84527:64775357] 2026-09-13 22:24:34.016513 [W:onnxruntime:, graph.cc:5607 CleanUnusedInitializersAndNodeArgs] Removing initializer 'fast_stream_s22_retain_start'. It is not used by any node and should be removed from the model.
2026-09-13 22:24:34.016 Python[84527:64775357] 2026-09-13 22:24:34.016523 [W:onnxruntime:, graph.cc:5607 CleanUnusedInitializersAndNodeArgs] Removing initializer 'fast_stream_s08_retain_start'. It is not used by any node and should be removed from the model.
2026-09-13 22:24:34.016 Python[84527:64775357] 2026-09-13 22:24:34.016533 [W:onnxruntime:, graph.cc:5607 CleanUnusedInitializersAndNodeArgs] Removing initializer 'fast_stream_s09_crop_start'. It is not used by any node and should be removed from the model.
2026-09-13 22:24:34.016 Python[84527:64775357] 2026-09-13 22:24:34.016539 [W:onnxruntime:, graph.cc:5607 CleanUnusedInitializersAndNodeArgs] Removing initializer 'fast_stream_s13_crop_end'. It is not used by any node and should be removed from the model.
2026-09-13 22:24:34.016 Python[84527:64775357] 2026-09-13 22:24:34.016545 [W:onnxruntime:, graph.cc:5607 CleanUnusedInitializersAndNodeArgs] Removing initializer 'fast_stream_s04_retain_axis'. It is not used by any node and should be removed from the model.
2026-09-13 22:24:34.016 Python[84527:64775357] 2026-09-13 22:24:34.016550 [W:onnxruntime:, graph.cc:5607 CleanUnusedInitializersAndNodeArgs] Removing initializer 'fast_stream_s19_crop_step'. It is not used by any node and should be removed from the model.
2026-09-13 22:24:34.016 Python[84527:64775357] 2026-09-13 22:24:34.016556 [W:onnxruntime:, graph.cc:5607 CleanUnusedInitializersAndNodeArgs] Removing initializer 'fast_stream_s19_retain_start'. It is not used by any node and should be removed from the model.
2026-09-13 22:24:34.016 Python[84527:64775357] 2026-09-13 22:24:34.016561 [W:onnxruntime:, graph.cc:5607 CleanUnusedInitializersAndNodeArgs] Removing initializer 'fast_stream_s02_retain_axis'. It is not used by any node and should be removed from the model.
2026-09-13 22:24:34.016 Python[84527:64775357] 2026-09-13 22:24:34.016567 [W:onnxruntime:, graph.cc:5607 CleanUnusedInitializersAndNodeArgs] Removing initializer 'fast_stream_s20_crop_step'. It is not used by any node and should be removed from the model.
2026-09-13 22:24:34.016 Python[84527:64775357] 2026-09-13 22:24:34.016572 [W:onnxruntime:, graph.cc:5607 CleanUnusedInitializersAndNodeArgs] Removing initializer 'fast_stream_s06_retain_step'. It is not used by any node and should be removed from the model.
2026-09-13 22:24:34.016 Python[84527:64775357] 2026-09-13 22:24:34.016578 [W:onnxruntime:, graph.cc:5607 CleanUnusedInitializersAndNodeArgs] Removing initializer 'fast_stream_s13_retain_start'. It is not used by any node and should be removed from the model.
2026-09-13 22:24:34.016 Python[84527:64775357] 2026-09-13 22:24:34.016584 [W:onnxruntime:, graph.cc:5607 CleanUnusedInitializersAndNodeArgs] Removing initializer 'fast_stream_s07_retain_start'. It is not used by any node and should be removed from the model.
2026-09-13 22:24:34.016 Python[84527:64775357] 2026-09-13 22:24:34.016590 [W:onnxruntime:, graph.cc:5607 CleanUnusedInitializersAndNodeArgs] Removing initializer 'fast_stream_s15_retain_axis'. It is not used by any node and should be removed from the model.
2026-09-13 22:24:34.016 Python[84527:64775357] 2026-09-13 22:24:34.016595 [W:onnxruntime:, graph.cc:5607 CleanUnusedInitializersAndNodeArgs] Removing initializer 'fast_stream_s12_retain_start'. It is not used by any node and should be removed from the model.
2026-09-13 22:24:34.016 Python[84527:64775357] 2026-09-13 22:24:34.016600 [W:onnxruntime:, graph.cc:5607 CleanUnusedInitializersAndNodeArgs] Removing initializer 'fast_stream_s22_crop_end'. It is not used by any node and should be removed from the model.
2026-09-13 22:24:34.016 Python[84527:64775357] 2026-09-13 22:24:34.016605 [W:onnxruntime:, graph.cc:5607 CleanUnusedInitializersAndNodeArgs] Removing initializer 'fast_stream_s15_crop_start'. It is not used by any node and should be removed from the model.
prepared before 1 0.2366
prepared before 2 0.1366
prepared before_compile 1 1.0927
prepared before_compile 2 0.7265
prepared full_compile 1 0.4074
prepared full_compile 2 0.4626
qualification 1 rows 27 ordinary GPU seconds 2.4791
warmup 1 rows 54 ordinary GPU seconds 4.4393
measured 1 rows 81 ordinary GPU seconds 6.4297
measured 2 rows 108 ordinary GPU seconds 8.4401
{
  "status": "passed",
  "ordinary_gpu_seconds": 8.440137554425746,
  "ordinary_decode_seconds": 11.334269393701106,
  "summary": [
    {
      "arm": "selected_cpu",
      "packet_ms": 40,
      "streams": 6,
      "pooled_rtf": 0.12299424270167947,
      "median_stream_rtf": 0.12861180536371347,
      "stream_rtfs": [
        0.10281792735137667,
        0.13265429394474876,
        0.11157031743399179,
        0.13235017589371031,
        0.1248734348337166,
        0.13369930675253272
      ],
      "median_packet_ms": 4.977771081030369,
      "p95_packet_ms": 5.856870394200087,
      "median_first_packet_ms": 5.0617915112525225
    },
    {
      "arm": "before",
      "packet_ms": 40,
      "streams": 6,
      "pooled_rtf": 0.15391912529594265,
      "median_stream_rtf": 0.1515008708035263,
      "stream_rtfs": [
        0.13903220193848637,
        0.15524080372415483,
        0.1565247803227976,
        0.178924996968514,
        0.1460310309388054,
        0.14776093788289776
      ],
      "median_packet_ms": 5.886374739930034,
      "p95_packet_ms": 7.939120684750377,
      "median_first_packet_ms": 6.120624952018261
    },
    {
      "arm": "before_compile",
      "packet_ms": 40,
      "streams": 6,
      "pooled_rtf": 0.1261871749496398,
      "median_stream_rtf": 0.12370401479226227,
      "stream_rtfs": [
        0.1186184051524227,
        0.14087295955202234,
        0.11732504596390451,
        0.1331700094548675,
        0.12878962443210185,
        0.11834700514251988
      ],
      "median_packet_ms": 4.9500002060085535,
      "p95_packet_ms": 6.037321127951145,
      "median_first_packet_ms": 5.221812520176172
    },
    {
      "arm": "full_compile",
      "packet_ms": 40,
      "streams": 6,
      "pooled_rtf": 0.1270171007490717,
      "median_stream_rtf": 0.12887717020930722,
      "stream_rtfs": [
        0.12887443638949966,
        0.1295103269512765,
        0.12648346018977463,
        0.130139109872592,
        0.11821536706217255,
        0.1288799040291148
      ],
      "median_packet_ms": 4.903333028778434,
      "p95_packet_ms": 6.306131323799491,
      "median_first_packet_ms": 5.0450831186026335
    },
    {
      "arm": "selected_cpu",
      "packet_ms": 80,
      "streams": 6,
      "pooled_rtf": 0.08397834196027058,
      "median_stream_rtf": 0.08325768236924584,
      "stream_rtfs": [
        0.07485494910118481,
        0.08605564168343942,
        0.076324435940478,
        0.09591067500878125,
        0.08045972305505227,
        0.09026462697268775
      ],
      "median_packet_ms": 6.731249392032623,
      "p95_packet_ms": 8.10183749999851,
      "median_first_packet_ms": 6.137874908745289
    },
    {
      "arm": "before",
      "packet_ms": 80,
      "streams": 6,
      "pooled_rtf": 0.08342477570598325,
      "median_stream_rtf": 0.08024396787125929,
      "stream_rtfs": [
        0.07689752383157611,
        0.0893078108977837,
        0.07690282169884692,
        0.09740542542810242,
        0.0764499583359187,
        0.08358511404367164
      ],
      "median_packet_ms": 6.3948119059205055,
      "p95_packet_ms": 9.218315128237016,
      "median_first_packet_ms": 6.821729009971023
    },
    {
      "arm": "before_compile",
      "packet_ms": 80,
      "streams": 6,
      "pooled_rtf": 0.06811328138509351,
      "median_stream_rtf": 0.0690896939583278,
      "stream_rtfs": [
        0.06742139667039737,
        0.0698820294928737,
        0.06832573902405178,
        0.06985364889260381,
        0.061776650545652956,
        0.07142022368498147
      ],
      "median_packet_ms": 5.360021023079753,
      "p95_packet_ms": 6.344348378479481,
      "median_first_packet_ms": 5.953582935035229
    },
    {
      "arm": "full_compile",
      "packet_ms": 80,
      "streams": 6,
      "pooled_rtf": 0.0699622697235706,
      "median_stream_rtf": 0.07016523498653746,
      "stream_rtfs": [
        0.06802495918236673,
        0.07311692897928879,
        0.07029761424443375,
        0.07243329115832846,
        0.06586796904836471,
        0.07003285572864115
      ],
      "median_packet_ms": 5.4992500226944685,
      "p95_packet_ms": 6.64623542688787,
      "median_first_packet_ms": 6.137562450021505
    },
    {
      "arm": "mimi_gpu",
      "packet_ms": 80,
      "streams": 6,
      "pooled_rtf": 0.06597219334152113,
      "median_stream_rtf": 0.06723192248803875,
      "stream_rtfs": [
        0.06528524245368317,
        0.07932947288888197,
        0.0560690532438457,
        0.06917860252239431,
        0.05674752561996381,
        0.06922326332035786
      ],
      "median_packet_ms": 5.163354566320777,
      "p95_packet_ms": 6.7983151180669665,
      "median_first_packet_ms": 5.843603750690818
    }
  ]
}
