prepared before 1 0.251
prepared before 2 0.15
prepared overlap 1 0.127
prepared overlap 2 0.036
qualification 1 rows 12
warmup 1 rows 24
measured 1 rows 36
measured 2 rows 48
[
  {
    "arm": "before",
    "packet_ms": 40,
    "rtf": 0.14363109003170393,
    "mean_packet_ms": 5.74501184746623,
    "median_packet_ms": 5.684895906597376,
    "stream_rtfs": [
      0.14513498075151196,
      0.14081150099324685,
      0.13778250771186626,
      0.1388036029917809,
      0.14692677941638976,
      0.15232716832542792
    ]
  },
  {
    "arm": "before",
    "packet_ms": 80,
    "rtf": 0.07869526873239213,
    "mean_packet_ms": 6.295071733701561,
    "median_packet_ms": 6.258707959204912,
    "stream_rtfs": [
      0.07742200153491771,
      0.07809882760435964,
      0.07440295206227651,
      0.0797924047219567,
      0.08006310721005624,
      0.08239231926078598
    ]
  },
  {
    "arm": "overlap",
    "packet_ms": 40,
    "rtf": 0.14530039867774275,
    "mean_packet_ms": 5.8118041423666815,
    "median_packet_ms": 5.77649986371398,
    "stream_rtfs": [
      0.14820872408260283,
      0.14963949943194166,
      0.13747477933065966,
      0.1384794692664097,
      0.15150182346890992,
      0.14649809648593268
    ]
  },
  {
    "arm": "overlap",
    "packet_ms": 80,
    "rtf": 0.07726780143760456,
    "mean_packet_ms": 6.180946702241069,
    "median_packet_ms": 6.178791867569089,
    "stream_rtfs": [
      0.0786789042952781,
      0.0748638020013459,
      0.0739881046077547,
      0.07725846420119828,
      0.0784379323401178,
      0.08037960117993256
    ]
  }
]
