prepared overlap 1 0.176
prepared overlap 2 0.125
prepared snake_compile 1 0.818
prepared snake_compile 2 0.009
prepared snake_metal 1 0.009
prepared snake_metal 2 0.012
qualification 1 rows 18
warmup 1 rows 36
measured 1 rows 54
measured 2 rows 72
[
  {
    "arm": "overlap",
    "packet_ms": 40,
    "rtf": 0.14971962510672812,
    "mean_packet_ms": 5.988478874011586,
    "median_packet_ms": 5.895937560126185,
    "stream_rtfs": [
      0.14097235398367047,
      0.1497693995285469,
      0.13887040016318983,
      0.16625889935918775,
      0.16475537850055844,
      0.13769131910521537
    ]
  },
  {
    "arm": "overlap",
    "packet_ms": 80,
    "rtf": 0.07863743465148017,
    "mean_packet_ms": 6.290551494910485,
    "median_packet_ms": 6.295249331742525,
    "stream_rtfs": [
      0.08024596269630517,
      0.07601992159228152,
      0.0745050764332215,
      0.08641545282443985,
      0.07882426192130274,
      0.07581393244133021
    ]
  },
  {
    "arm": "snake_compile",
    "packet_ms": 40,
    "rtf": 0.15806624796823598,
    "mean_packet_ms": 6.322410630269183,
    "median_packet_ms": 6.392187904566526,
    "stream_rtfs": [
      0.15658064415523162,
      0.16457443562103435,
      0.14103198870240402,
      0.15900794678600505,
      0.17517057131044567,
      0.15203190123429522
    ]
  },
  {
    "arm": "snake_compile",
    "packet_ms": 80,
    "rtf": 0.08051132818865073,
    "mean_packet_ms": 6.44045023040639,
    "median_packet_ms": 6.260312628000975,
    "stream_rtfs": [
      0.08632356718104954,
      0.07619782991241664,
      0.07510816164237137,
      0.0910062929809404,
      0.0799482188692006,
      0.07448389854592583
    ]
  },
  {
    "arm": "snake_metal",
    "packet_ms": 40,
    "rtf": 0.14144899339751443,
    "mean_packet_ms": 5.6576732895337045,
    "median_packet_ms": 5.633499938994646,
    "stream_rtfs": [
      0.14661775251928097,
      0.14366905622106668,
      0.1318095877650194,
      0.13930538261774927,
      0.15140520457255965,
      0.13588697668941072
    ]
  },
  {
    "arm": "snake_metal",
    "packet_ms": 80,
    "rtf": 0.07411198635559736,
    "mean_packet_ms": 5.928530079674804,
    "median_packet_ms": 5.951416911557317,
    "stream_rtfs": [
      0.07636419613845646,
      0.07160759414546192,
      0.07417569092164437,
      0.08071098127402365,
      0.07265347085194662,
      0.06915998480205114
    ]
  }
]
