[
  {
    "arm": "before_compile",
    "paced": false,
    "noninitial_calls": 14,
    "mean_service_ms": 5.505223142857143,
    "service_rtf": 0.06881528928571429,
    "max_service_ms_all": 6.821542,
    "max_arrival_lateness_ms": null,
    "max_ready_after_arrival_ms": null,
    "missed_deadlines": null
  },
  {
    "arm": "before_compile",
    "paced": true,
    "noninitial_calls": 14,
    "mean_service_ms": 7.332273714285714,
    "service_rtf": 0.09165342142857143,
    "max_service_ms_all": 9.446083,
    "max_arrival_lateness_ms": 9.691125,
    "max_ready_after_arrival_ms": 17.446375,
    "missed_deadlines": 0
  },
  {
    "arm": "hybrid_pointwise",
    "paced": false,
    "noninitial_calls": 14,
    "mean_service_ms": 2.8967678571428572,
    "service_rtf": 0.03620959821428572,
    "max_service_ms_all": 5.126334,
    "max_arrival_lateness_ms": null,
    "max_ready_after_arrival_ms": null,
    "missed_deadlines": null
  },
  {
    "arm": "hybrid_pointwise",
    "paced": true,
    "noninitial_calls": 14,
    "mean_service_ms": 6.0245,
    "service_rtf": 0.07530624999999999,
    "max_service_ms_all": 9.485,
    "max_arrival_lateness_ms": 10.023708,
    "max_ready_after_arrival_ms": 19.5045,
    "missed_deadlines": 0
  }
]
