prepared before_compile 1 1.188
prepared before_compile 2 0.632
prepared hybrid 1 0.454
prepared hybrid 2 0.528
prepared hybrid_pointwise 1 0.506
prepared hybrid_pointwise 2 0.511
qualification 1 rows 18
warmup 1 rows 36
measured 1 rows 54
measured 2 rows 72
[
  {
    "arm": "before_compile",
    "packet_ms": 40,
    "rtf": 0.12569544228932097,
    "mean_packet_ms": 5.027503457515397,
    "median_packet_ms": 4.896833561360836,
    "stream_rtfs": [
      0.11778645809196557,
      0.11862521738900493,
      0.13501215047047785,
      0.1369192284376671,
      0.12395698674178372,
      0.12187261260502662
    ]
  },
  {
    "arm": "before_compile",
    "packet_ms": 80,
    "rtf": 0.07381087327505359,
    "mean_packet_ms": 5.904428880765206,
    "median_packet_ms": 5.59468730352819,
    "stream_rtfs": [
      0.0727961397691009,
      0.08153120725182816,
      0.07272686780197546,
      0.0704021702404134,
      0.07197161709579329,
      0.07343723749121031
    ]
  },
  {
    "arm": "hybrid",
    "packet_ms": 40,
    "rtf": 0.0653220174070965,
    "mean_packet_ms": 2.6127027425294123,
    "median_packet_ms": 2.376000629737973,
    "stream_rtfs": [
      0.059113754832651466,
      0.05884587250572319,
      0.07583380938740447,
      0.0773885835466596,
      0.06134930493620535,
      0.05940077923393498
    ]
  },
  {
    "arm": "hybrid",
    "packet_ms": 80,
    "rtf": 0.03710590260905317,
    "mean_packet_ms": 2.9681035860752067,
    "median_packet_ms": 2.5645000860095024,
    "stream_rtfs": [
      0.030478776898235083,
      0.037071396460911885,
      0.04575980856316164,
      0.04837730133052295,
      0.031242880989642195,
      0.02970525141184529
    ]
  },
  {
    "arm": "hybrid_pointwise",
    "packet_ms": 40,
    "rtf": 0.057877292015796736,
    "mean_packet_ms": 2.314897244408106,
    "median_packet_ms": 2.105332911014557,
    "stream_rtfs": [
      0.05236076394794509,
      0.05114309945687031,
      0.06725994074561945,
      0.0727809892850928,
      0.05192438402445987,
      0.05179457463479291
    ]
  },
  {
    "arm": "hybrid_pointwise",
    "packet_ms": 80,
    "rtf": 0.03214892276446335,
    "mean_packet_ms": 2.5714392864352296,
    "median_packet_ms": 2.3053959012031555,
    "stream_rtfs": [
      0.02740221486116449,
      0.03603962638104956,
      0.03800316771958023,
      0.036230515009568386,
      0.02811688706666852,
      0.02710112554874892
    ]
  }
]
